Archive member included to satisfy reference by file (symbol)

/usr/local/Caskroom/gcc-arm-embedded/10-2020-q4-major/gcc-arm-none-eabi-10-2020-q4-major/bin/../lib/gcc/arm-none-eabi/10.2.1/../../../../arm-none-eabi/lib/thumb/v7-m/nofp/libc_nano.a(lib_a-exit.o)
                              /usr/local/Caskroom/gcc-arm-embedded/10-2020-q4-major/gcc-arm-none-eabi-10-2020-q4-major/bin/../lib/gcc/arm-none-eabi/10.2.1/../../../../arm-none-eabi/lib/thumb/v7-m/nofp/crt0.o (exit)
/usr/local/Caskroom/gcc-arm-embedded/10-2020-q4-major/gcc-arm-none-eabi-10-2020-q4-major/bin/../lib/gcc/arm-none-eabi/10.2.1/../../../../arm-none-eabi/lib/thumb/v7-m/nofp/libc_nano.a(lib_a-impure.o)
                              /usr/local/Caskroom/gcc-arm-embedded/10-2020-q4-major/gcc-arm-none-eabi-10-2020-q4-major/bin/../lib/gcc/arm-none-eabi/10.2.1/../../../../arm-none-eabi/lib/thumb/v7-m/nofp/libc_nano.a(lib_a-exit.o) (_global_impure_ptr)
/usr/local/Caskroom/gcc-arm-embedded/10-2020-q4-major/gcc-arm-none-eabi-10-2020-q4-major/bin/../lib/gcc/arm-none-eabi/10.2.1/../../../../arm-none-eabi/lib/thumb/v7-m/nofp/libc_nano.a(lib_a-init.o)
                              /usr/local/Caskroom/gcc-arm-embedded/10-2020-q4-major/gcc-arm-none-eabi-10-2020-q4-major/bin/../lib/gcc/arm-none-eabi/10.2.1/../../../../arm-none-eabi/lib/thumb/v7-m/nofp/crt0.o (__libc_init_array)
/usr/local/Caskroom/gcc-arm-embedded/10-2020-q4-major/gcc-arm-none-eabi-10-2020-q4-major/bin/../lib/gcc/arm-none-eabi/10.2.1/../../../../arm-none-eabi/lib/thumb/v7-m/nofp/libc_nano.a(lib_a-memcpy-stub.o)
                              build/util.o (memcpy)
/usr/local/Caskroom/gcc-arm-embedded/10-2020-q4-major/gcc-arm-none-eabi-10-2020-q4-major/bin/../lib/gcc/arm-none-eabi/10.2.1/../../../../arm-none-eabi/lib/thumb/v7-m/nofp/libc_nano.a(lib_a-memset.o)
                              /usr/local/Caskroom/gcc-arm-embedded/10-2020-q4-major/gcc-arm-none-eabi-10-2020-q4-major/bin/../lib/gcc/arm-none-eabi/10.2.1/../../../../arm-none-eabi/lib/thumb/v7-m/nofp/crt0.o (memset)
/usr/local/Caskroom/gcc-arm-embedded/10-2020-q4-major/gcc-arm-none-eabi-10-2020-q4-major/bin/../lib/gcc/arm-none-eabi/10.2.1/../../../../arm-none-eabi/lib/thumb/v7-m/nofp/libc_nano.a(lib_a-printf.o)
                              build/util.o (printf)
/usr/local/Caskroom/gcc-arm-embedded/10-2020-q4-major/gcc-arm-none-eabi-10-2020-q4-major/bin/../lib/gcc/arm-none-eabi/10.2.1/../../../../arm-none-eabi/lib/thumb/v7-m/nofp/libc_nano.a(lib_a-puts.o)
                              build/util.o (puts)
/usr/local/Caskroom/gcc-arm-embedded/10-2020-q4-major/gcc-arm-none-eabi-10-2020-q4-major/bin/../lib/gcc/arm-none-eabi/10.2.1/../../../../arm-none-eabi/lib/thumb/v7-m/nofp/libc_nano.a(lib_a-wbuf.o)
                              /usr/local/Caskroom/gcc-arm-embedded/10-2020-q4-major/gcc-arm-none-eabi-10-2020-q4-major/bin/../lib/gcc/arm-none-eabi/10.2.1/../../../../arm-none-eabi/lib/thumb/v7-m/nofp/libc_nano.a(lib_a-puts.o) (__swbuf_r)
/usr/local/Caskroom/gcc-arm-embedded/10-2020-q4-major/gcc-arm-none-eabi-10-2020-q4-major/bin/../lib/gcc/arm-none-eabi/10.2.1/../../../../arm-none-eabi/lib/thumb/v7-m/nofp/libc_nano.a(lib_a-wsetup.o)
                              /usr/local/Caskroom/gcc-arm-embedded/10-2020-q4-major/gcc-arm-none-eabi-10-2020-q4-major/bin/../lib/gcc/arm-none-eabi/10.2.1/../../../../arm-none-eabi/lib/thumb/v7-m/nofp/libc_nano.a(lib_a-puts.o) (__swsetup_r)
/usr/local/Caskroom/gcc-arm-embedded/10-2020-q4-major/gcc-arm-none-eabi-10-2020-q4-major/bin/../lib/gcc/arm-none-eabi/10.2.1/../../../../arm-none-eabi/lib/thumb/v7-m/nofp/libc_nano.a(lib_a-fflush.o)
                              /usr/local/Caskroom/gcc-arm-embedded/10-2020-q4-major/gcc-arm-none-eabi-10-2020-q4-major/bin/../lib/gcc/arm-none-eabi/10.2.1/../../../../arm-none-eabi/lib/thumb/v7-m/nofp/libc_nano.a(lib_a-wbuf.o) (_fflush_r)
/usr/local/Caskroom/gcc-arm-embedded/10-2020-q4-major/gcc-arm-none-eabi-10-2020-q4-major/bin/../lib/gcc/arm-none-eabi/10.2.1/../../../../arm-none-eabi/lib/thumb/v7-m/nofp/libc_nano.a(lib_a-findfp.o)
                              /usr/local/Caskroom/gcc-arm-embedded/10-2020-q4-major/gcc-arm-none-eabi-10-2020-q4-major/bin/../lib/gcc/arm-none-eabi/10.2.1/../../../../arm-none-eabi/lib/thumb/v7-m/nofp/libc_nano.a(lib_a-printf.o) (__sinit)
/usr/local/Caskroom/gcc-arm-embedded/10-2020-q4-major/gcc-arm-none-eabi-10-2020-q4-major/bin/../lib/gcc/arm-none-eabi/10.2.1/../../../../arm-none-eabi/lib/thumb/v7-m/nofp/libc_nano.a(lib_a-fwalk.o)
                              /usr/local/Caskroom/gcc-arm-embedded/10-2020-q4-major/gcc-arm-none-eabi-10-2020-q4-major/bin/../lib/gcc/arm-none-eabi/10.2.1/../../../../arm-none-eabi/lib/thumb/v7-m/nofp/libc_nano.a(lib_a-findfp.o) (_fwalk)
/usr/local/Caskroom/gcc-arm-embedded/10-2020-q4-major/gcc-arm-none-eabi-10-2020-q4-major/bin/../lib/gcc/arm-none-eabi/10.2.1/../../../../arm-none-eabi/lib/thumb/v7-m/nofp/libc_nano.a(lib_a-lock.o)
[...]
Memory Configuration

Name             Origin             Length             Attributes
RAM              0x0000000020000000 0x000000000000c000 xrw
FLASH            0x0000000008000000 0x0000000000040000 xr
*default*        0x0000000000000000 0xffffffffffffffff

Linker script and memory map

LOAD /usr/local/Caskroom/gcc-arm-embedded/10-2020-q4-major/gcc-arm-none-eabi-10-2020-q4-major/bin/../lib/gcc/arm-none-eabi/10.2.1/thumb/v7-m/nofp/crti.o
LOAD /usr/local/Caskroom/gcc-arm-embedded/10-2020-q4-major/gcc-arm-none-eabi-10-2020-q4-major/bin/../lib/gcc/arm-none-eabi/10.2.1/thumb/v7-m/nofp/crtbegin.o
LOAD /usr/local/Caskroom/gcc-arm-embedded/10-2020-q4-major/gcc-arm-none-eabi-10-2020-q4-major/bin/../lib/gcc/arm-none-eabi/10.2.1/../../../../arm-none-eabi/lib/thumb/v7-m/nofp/crt0.o
LOAD build/stm32f1xx_hal_flash.o
LOAD build/stm32f1xx_hal_pwr.o
LOAD build/stm32f1xx_hal_rcc.o
LOAD build/stm32f1xx_hal_tim.o
LOAD build/stm32f1xx_hal_tim_ex.o
LOAD build/stm32f1xx_hal_gpio_ex.o
LOAD build/stm32f1xx_hal_adc_ex.o
LOAD build/stm32f1xx_hal_cortex.o
LOAD build/stm32f1xx_hal_flash_ex.o
LOAD build/stm32f1xx_hal_gpio.o
LOAD build/stm32f1xx_hal_rcc_ex.o
LOAD build/stm32f1xx_hal.o
LOAD build/stm32f1xx_hal_adc.o
LOAD build/stm32f1xx_hal_uart.o
LOAD build/stm32f1xx_hal_i2c.o
LOAD build/stm32f1xx_hal_dma.o
LOAD build/system_stm32f1xx.o
LOAD build/setup.o
LOAD build/control.o
LOAD build/comms.o
LOAD build/util.o
LOAD build/main.o
LOAD build/bldc.o
LOAD build/eeprom.o
LOAD build/hd44780.o
LOAD build/pcf8574.o
LOAD build/stm32f1xx_it.o
LOAD build/BLDC_controller_data.o
LOAD build/BLDC_controller.o
LOAD build/startup_stm32f103xe.o
LOAD /usr/local/Caskroom/gcc-arm-embedded/10-2020-q4-major/gcc-arm-none-eabi-10-2020-q4-major/bin/../lib/gcc/arm-none-eabi/10.2.1/../../../../arm-none-eabi/lib/thumb/v7-m/nofp/libc_nano.a
LOAD /usr/local/Caskroom/gcc-arm-embedded/10-2020-q4-major/gcc-arm-none-eabi-10-2020-q4-major/bin/../lib/gcc/arm-none-eabi/10.2.1/../../../../arm-none-eabi/lib/thumb/v7-m/nofp/libm.a
LOAD /usr/local/Caskroom/gcc-arm-embedded/10-2020-q4-major/gcc-arm-none-eabi-10-2020-q4-major/bin/../lib/gcc/arm-none-eabi/10.2.1/../../../../arm-none-eabi/lib/thumb/v7-m/nofp/libnosys.a
START GROUP
LOAD /usr/local/Caskroom/gcc-arm-embedded/10-2020-q4-major/gcc-arm-none-eabi-10-2020-q4-major/bin/../lib/gcc/arm-none-eabi/10.2.1/thumb/v7-m/nofp/libgcc.a
LOAD /usr/local/Caskroom/gcc-arm-embedded/10-2020-q4-major/gcc-arm-none-eabi-10-2020-q4-major/bin/../lib/gcc/arm-none-eabi/10.2.1/../../../../arm-none-eabi/lib/thumb/v7-m/nofp/libc_nano.a
END GROUP
START GROUP
LOAD /usr/local/Caskroom/gcc-arm-embedded/10-2020-q4-major/gcc-arm-none-eabi-10-2020-q4-major/bin/../lib/gcc/arm-none-eabi/10.2.1/thumb/v7-m/nofp/libgcc.a
LOAD /usr/local/Caskroom/gcc-arm-embedded/10-2020-q4-major/gcc-arm-none-eabi-10-2020-q4-major/bin/../lib/gcc/arm-none-eabi/10.2.1/../../../../arm-none-eabi/lib/thumb/v7-m/nofp/libc_nano.a
END GROUP
LOAD /usr/local/Caskroom/gcc-arm-embedded/10-2020-q4-major/gcc-arm-none-eabi-10-2020-q4-major/bin/../lib/gcc/arm-none-eabi/10.2.1/thumb/v7-m/nofp/crtend.o
LOAD /usr/local/Caskroom/gcc-arm-embedded/10-2020-q4-major/gcc-arm-none-eabi-10-2020-q4-major/bin/../lib/gcc/arm-none-eabi/10.2.1/thumb/v7-m/nofp/crtn.o
                0x000000002000c000                _estack = 0x2000c000
                0x0000000000000200                _Min_Heap_Size = 0x200
                0x0000000000000400                _Min_Stack_Size = 0x400

.isr_vector     0x0000000008000000      0x1e4
                0x0000000008000000                . = ALIGN (0x4)
 *(.isr_vector)
 .isr_vector    0x0000000008000000      0x1e4 build/startup_stm32f103xe.o
                0x0000000008000000                g_pfnVectors
                0x00000000080001e4                . = ALIGN (0x4)

.text           0x00000000080001e4     0x72f0
                0x00000000080001e4                . = ALIGN (0x4)
 *(.text)
 .text          0x00000000080001e4       0x40 /usr/local/Caskroom/gcc-arm-embedded/10-2020-q4-major/gcc-arm-none-eabi-10-2020-q4-major/bin/../lib/gcc/arm-none-eabi/10.2.1/thumb/v7-m/nofp/crtbegin.o
 *(.text*)
 .text.FLASH_Program_HalfWord
                0x0000000008000224       0x1c build/stm32f1xx_hal_flash.o
 .text.FLASH_SetErrorCode
                0x0000000008000240       0x70 build/stm32f1xx_hal_flash.o
 .text.HAL_FLASH_Unlock
                0x00000000080002b0       0x28 build/stm32f1xx_hal_flash.o
                0x00000000080002b0                HAL_FLASH_Unlock
 .text.HAL_FLASH_Lock
                0x00000000080002d8       0x14 build/stm32f1xx_hal_flash.o
                0x00000000080002d8                HAL_FLASH_Lock
 .text.FLASH_WaitForLastOperation
                0x00000000080002ec       0x68 build/stm32f1xx_hal_flash.o
                0x00000000080002ec                FLASH_WaitForLastOperation
 .text.HAL_FLASH_Program
                0x0000000008000354       0xa0 build/stm32f1xx_hal_flash.o
                0x0000000008000354                HAL_FLASH_Program
 .text.RCC_Delay
                0x00000000080003f4       0x2c build/stm32f1xx_hal_rcc.o
 .text.HAL_RCC_OscConfig
                0x0000000008000420      0x3e0 build/stm32f1xx_hal_rcc.o
                0x0000000008000420                HAL_RCC_OscConfig
 .text.HAL_RCC_GetSysClockFreq
                0x0000000008000800       0x6c build/stm32f1xx_hal_rcc.o
                0x0000000008000800                HAL_RCC_GetSysClockFreq
 .text.HAL_RCC_ClockConfig
                0x000000000800086c      0x17c build/stm32f1xx_hal_rcc.o
                0x000000000800086c                HAL_RCC_ClockConfig
 .text.HAL_RCC_GetHCLKFreq
                0x00000000080009e8        0xc build/stm32f1xx_hal_rcc.o
                0x00000000080009e8                HAL_RCC_GetHCLKFreq
 .text.HAL_RCC_GetPCLK1Freq
                0x00000000080009f4       0x20 build/stm32f1xx_hal_rcc.o
                0x00000000080009f4                HAL_RCC_GetPCLK1Freq
 .text.HAL_RCC_GetPCLK2Freq
                0x0000000008000a14       0x20 build/stm32f1xx_hal_rcc.o
                0x0000000008000a14                HAL_RCC_GetPCLK2Freq
 .text.TIM_OC1_SetConfig
                0x0000000008000a34       0x68 build/stm32f1xx_hal_tim.o
 .text.TIM_OC3_SetConfig
                0x0000000008000a9c       0x70 build/stm32f1xx_hal_tim.o
 .text.TIM_OC4_SetConfig
                0x0000000008000b0c       0x50 build/stm32f1xx_hal_tim.o
 .text.TIM_TI1_ConfigInputStage
                0x0000000008000b5c       0x24 build/stm32f1xx_hal_tim.o
 .text.TIM_TI2_ConfigInputStage
                0x0000000008000b80       0x26 build/stm32f1xx_hal_tim.o
 .text.TIM_ETR_SetConfig
                0x0000000008000ba6       0x18 build/stm32f1xx_hal_tim.o
 .text.TIM_SlaveTimer_SetConfig
                0x0000000008000bbe       0x74 build/stm32f1xx_hal_tim.o
 .text.HAL_TIM_PWM_MspInit
                0x0000000008000c32        0x2 build/stm32f1xx_hal_tim.o
                0x0000000008000c32                HAL_TIM_PWM_MspInit
 .text.HAL_TIM_SlaveConfigSynchronization
                0x0000000008000c34       0x40 build/stm32f1xx_hal_tim.o
                0x0000000008000c34                HAL_TIM_SlaveConfigSynchronization
 .text.TIM_Base_SetConfig
                0x0000000008000c74       0x98 build/stm32f1xx_hal_tim.o
                0x0000000008000c74                TIM_Base_SetConfig
 .text.HAL_TIM_PWM_Init
                0x0000000008000d0c       0x34 build/stm32f1xx_hal_tim.o
                0x0000000008000d0c                HAL_TIM_PWM_Init
 .text.TIM_OC2_SetConfig
                0x0000000008000d40       0x70 build/stm32f1xx_hal_tim.o
                0x0000000008000d40                TIM_OC2_SetConfig
 .text.HAL_TIM_PWM_ConfigChannel
                0x0000000008000db0       0xdc build/stm32f1xx_hal_tim.o
                0x0000000008000db0                HAL_TIM_PWM_ConfigChannel
 .text.TIM_CCxChannelCmd
                0x0000000008000e8c       0x1a build/stm32f1xx_hal_tim.o
                0x0000000008000e8c                TIM_CCxChannelCmd
 *fill*         0x0000000008000ea6        0x2 
 .text.HAL_TIM_PWM_Start
                0x0000000008000ea8       0x38 build/stm32f1xx_hal_tim.o
                0x0000000008000ea8                HAL_TIM_PWM_Start
 .text.TIM_CCxNChannelCmd
                0x0000000008000ee0       0x1a build/stm32f1xx_hal_tim_ex.o
 .text.HAL_TIMEx_PWMN_Start
                0x0000000008000efa       0x24 build/stm32f1xx_hal_tim_ex.o
                0x0000000008000efa                HAL_TIMEx_PWMN_Start
 .text.HAL_TIMEx_ConfigBreakDeadTime
                0x0000000008000f1e       0x58 build/stm32f1xx_hal_tim_ex.o
                0x0000000008000f1e                HAL_TIMEx_ConfigBreakDeadTime
 .text.HAL_TIMEx_MasterConfigSynchronization
                0x0000000008000f76       0x52 build/stm32f1xx_hal_tim_ex.o
                0x0000000008000f76                HAL_TIMEx_MasterConfigSynchronization
 .text.HAL_ADCEx_MultiModeConfigChannel
                0x0000000008000fc8       0x60 build/stm32f1xx_hal_adc_ex.o
                0x0000000008000fc8                HAL_ADCEx_MultiModeConfigChannel
 .text.HAL_NVIC_SetPriorityGrouping
                0x0000000008001028       0x24 build/stm32f1xx_hal_cortex.o
                0x0000000008001028                HAL_NVIC_SetPriorityGrouping
 .text.HAL_NVIC_SetPriority
                0x000000000800104c       0x70 build/stm32f1xx_hal_cortex.o
                0x000000000800104c                HAL_NVIC_SetPriority
 .text.HAL_NVIC_EnableIRQ
                0x00000000080010bc       0x18 build/stm32f1xx_hal_cortex.o
                0x00000000080010bc                HAL_NVIC_EnableIRQ
 .text.HAL_SYSTICK_Config
                0x00000000080010d4       0x28 build/stm32f1xx_hal_cortex.o
                0x00000000080010d4                HAL_SYSTICK_Config
 .text.HAL_SYSTICK_CLKSourceConfig
                0x00000000080010fc       0x20 build/stm32f1xx_hal_cortex.o
                0x00000000080010fc                HAL_SYSTICK_CLKSourceConfig
 .text.HAL_SYSTICK_Callback
                0x000000000800111c        0x2 build/stm32f1xx_hal_cortex.o
                0x000000000800111c                HAL_SYSTICK_Callback
 .text.HAL_SYSTICK_IRQHandler
                0x000000000800111e        0x8 build/stm32f1xx_hal_cortex.o
                0x000000000800111e                HAL_SYSTICK_IRQHandler
 *fill*         0x0000000008001126        0x2 
 .text.FLASH_MassErase
                0x0000000008001128       0x24 build/stm32f1xx_hal_flash_ex.o
 .text.FLASH_PageErase
                0x000000000800114c       0x24 build/stm32f1xx_hal_flash_ex.o
                0x000000000800114c                FLASH_PageErase
 .text.HAL_FLASHEx_Erase
                0x0000000008001170       0xa4 build/stm32f1xx_hal_flash_ex.o
                0x0000000008001170                HAL_FLASHEx_Erase
 .text.HAL_GPIO_Init
                0x0000000008001214      0x240 build/stm32f1xx_hal_gpio.o
                0x0000000008001214                HAL_GPIO_Init
 .text.HAL_GPIO_ReadPin
                0x0000000008001454        0xe build/stm32f1xx_hal_gpio.o
                0x0000000008001454                HAL_GPIO_ReadPin
 .text.HAL_GPIO_WritePin
                0x0000000008001462        0xc build/stm32f1xx_hal_gpio.o
                0x0000000008001462                HAL_GPIO_WritePin
 .text.HAL_GPIO_TogglePin
                0x000000000800146e        0x8 build/stm32f1xx_hal_gpio.o
                0x000000000800146e                HAL_GPIO_TogglePin
 *fill*         0x0000000008001476        0x2 
 .text.HAL_RCCEx_PeriphCLKConfig
                0x0000000008001478      0x118 build/stm32f1xx_hal_rcc_ex.o
                0x0000000008001478                HAL_RCCEx_PeriphCLKConfig
 .text.HAL_MspInit
                0x0000000008001590        0x2 build/stm32f1xx_hal.o
                0x0000000008001590                HAL_MspInit
 *fill*         0x0000000008001592        0x2 
 .text.HAL_InitTick
                0x0000000008001594       0x2c build/stm32f1xx_hal.o
                0x0000000008001594                HAL_InitTick
 .text.HAL_Init
                0x00000000080015c0       0x24 build/stm32f1xx_hal.o
                0x00000000080015c0                HAL_Init
 .text.HAL_IncTick
                0x00000000080015e4       0x10 build/stm32f1xx_hal.o
                0x00000000080015e4                HAL_IncTick
 .text.HAL_GetTick
                0x00000000080015f4        0xc build/stm32f1xx_hal.o
                0x00000000080015f4                HAL_GetTick
 .text.HAL_Delay
                0x0000000008001600       0x24 build/stm32f1xx_hal.o
                0x0000000008001600                HAL_Delay
 .text.HAL_ADC_MspInit
                0x0000000008001624        0x2 build/stm32f1xx_hal_adc.o
                0x0000000008001624                HAL_ADC_MspInit
 *fill*         0x0000000008001626        0x2 
 .text.HAL_ADC_ConfigChannel
                0x0000000008001628      0x144 build/stm32f1xx_hal_adc.o
                0x0000000008001628                HAL_ADC_ConfigChannel
 .text.ADC_Enable
                0x000000000800176c       0x80 build/stm32f1xx_hal_adc.o
                0x000000000800176c                ADC_Enable
 .text.HAL_ADC_Start
                0x00000000080017ec       0xe8 build/stm32f1xx_hal_adc.o
                0x00000000080017ec                HAL_ADC_Start
 .text.ADC_ConversionStop_Disable
                0x00000000080018d4       0x4c build/stm32f1xx_hal_adc.o
                0x00000000080018d4                ADC_ConversionStop_Disable
 .text.HAL_ADC_Init
                0x0000000008001920      0x124 build/stm32f1xx_hal_adc.o
                0x0000000008001920                HAL_ADC_Init
 .text.UART_EndTxTransfer
                0x0000000008001a44       0x12 build/stm32f1xx_hal_uart.o
 .text.UART_EndRxTransfer
                0x0000000008001a56       0x1c build/stm32f1xx_hal_uart.o
 .text.UART_Transmit_IT
                0x0000000008001a72       0x66 build/stm32f1xx_hal_uart.o
 .text.UART_SetConfig
                0x0000000008001ad8      0x1a4 build/stm32f1xx_hal_uart.o
 .text.UART_WaitOnFlagUntilTimeout
                0x0000000008001c7c       0x6c build/stm32f1xx_hal_uart.o
 .text.HAL_UART_Init
                0x0000000008001ce8       0x5e build/stm32f1xx_hal_uart.o
                0x0000000008001ce8                HAL_UART_Init
 .text.HAL_UART_Transmit
                0x0000000008001d46       0xde build/stm32f1xx_hal_uart.o
                0x0000000008001d46                HAL_UART_Transmit
 .text.HAL_UART_Receive_DMA
                0x0000000008001e24       0xa8 build/stm32f1xx_hal_uart.o
                0x0000000008001e24                HAL_UART_Receive_DMA
 .text.HAL_UART_TxCpltCallback
                0x0000000008001ecc        0x2 build/stm32f1xx_hal_uart.o
                0x0000000008001ecc                HAL_UART_TxCpltCallback
 .text.UART_EndTransmit_IT
                0x0000000008001ece       0x1a build/stm32f1xx_hal_uart.o
 .text.HAL_UART_RxCpltCallback
                0x0000000008001ee8        0x2 build/stm32f1xx_hal_uart.o
                0x0000000008001ee8                HAL_UART_RxCpltCallback
 .text.UART_DMAReceiveCplt
                0x0000000008001eea       0x3e build/stm32f1xx_hal_uart.o
 .text.UART_Receive_IT
                0x0000000008001f28       0x9e build/stm32f1xx_hal_uart.o
 .text.HAL_UART_RxHalfCpltCallback
                0x0000000008001fc6        0x2 build/stm32f1xx_hal_uart.o
                0x0000000008001fc6                HAL_UART_RxHalfCpltCallback
 .text.UART_DMARxHalfCplt
                0x0000000008001fc8        0xa build/stm32f1xx_hal_uart.o
 .text.HAL_UART_ErrorCallback
                0x0000000008001fd2        0x2 build/stm32f1xx_hal_uart.o
                0x0000000008001fd2                HAL_UART_ErrorCallback
 .text.UART_DMAError
                0x0000000008001fd4       0x58 build/stm32f1xx_hal_uart.o
 .text.HAL_UART_IRQHandler
                0x000000000800202c      0x120 build/stm32f1xx_hal_uart.o
                0x000000000800202c                HAL_UART_IRQHandler
 .text.UART_DMAAbortOnError
                0x000000000800214c       0x10 build/stm32f1xx_hal_uart.o
 .text.DMA_SetConfig
                0x000000000800215c       0x2c build/stm32f1xx_hal_dma.o
 .text.HAL_DMA_Init
                0x0000000008002188       0xa0 build/stm32f1xx_hal_dma.o
                0x0000000008002188                HAL_DMA_Init
 .text.HAL_DMA_Start_IT
                0x0000000008002228       0x74 build/stm32f1xx_hal_dma.o
                0x0000000008002228                HAL_DMA_Start_IT
 .text.HAL_DMA_Abort_IT
                0x000000000800229c      0x168 build/stm32f1xx_hal_dma.o
                0x000000000800229c                HAL_DMA_Abort_IT
 .text.HAL_DMA_IRQHandler
                0x0000000008002404      0x2ec build/stm32f1xx_hal_dma.o
                0x0000000008002404                HAL_DMA_IRQHandler
 .text.SystemInit
                0x00000000080026f0       0x4c build/system_stm32f1xx.o
                0x00000000080026f0                SystemInit
 .text.UART3_Init
                0x000000000800273c       0x6c build/setup.o
                0x000000000800273c                UART3_Init
 .text.HAL_UART_MspInit
                0x00000000080027a8      0x1b8 build/setup.o
                0x00000000080027a8                HAL_UART_MspInit
 .text.MX_GPIO_Init
                0x0000000008002960      0x22c build/setup.o
                0x0000000008002960                MX_GPIO_Init
 .text.MX_TIM_Init
                0x0000000008002b8c      0x208 build/setup.o
                0x0000000008002b8c                MX_TIM_Init
 .text.MX_ADC1_Init
                0x0000000008002d94      0x130 build/setup.o
                0x0000000008002d94                MX_ADC1_Init
 .text.MX_ADC2_Init
                0x0000000008002ec4       0xb0 build/setup.o
                0x0000000008002ec4                MX_ADC2_Init
 .text.__io_putchar
                0x0000000008002f74       0x20 build/util.o
                0x0000000008002f74                __io_putchar
 .text._write   0x0000000008002f94       0x1c build/util.o
                0x0000000008002f94                _write
 .text.BLDC_Init
                0x0000000008002fb0       0xac build/util.o
                0x0000000008002fb0                BLDC_Init
 .text.Input_Lim_Init
                0x000000000800305c       0x44 build/util.o
                0x000000000800305c                Input_Lim_Init
 .text.UART_DisableRxErrors
                0x00000000080030a0       0x16 build/util.o
                0x00000000080030a0                UART_DisableRxErrors
 *fill*         0x00000000080030b6        0x2 
 .text.poweronMelody
                0x00000000080030b8       0x2c build/util.o
                0x00000000080030b8                poweronMelody
 .text.beepCount
                0x00000000080030e4       0x1c build/util.o
                0x00000000080030e4                beepCount
 .text.beepLong
                0x0000000008003100       0x20 build/util.o
                0x0000000008003100                beepLong
 .text.beepShort
                0x0000000008003120       0x20 build/util.o
                0x0000000008003120                beepShort
 .text.calcAvgSpeed
                0x0000000008003140       0x38 build/util.o
                0x0000000008003140                calcAvgSpeed
 .text.checkInputType
                0x0000000008003178       0x88 build/util.o
                0x0000000008003178                checkInputType
 .text.Input_Init
                0x0000000008003200      0x1d4 build/util.o
                0x0000000008003200                Input_Init
 .text.calcInputCmd
                0x00000000080033d4       0xb0 build/util.o
                0x00000000080033d4                calcInputCmd
 .text.readInputRaw
                0x0000000008003484       0x38 build/util.o
                0x0000000008003484                readInputRaw
 .text.handleTimeout
                0x00000000080034bc      0x100 build/util.o
                0x00000000080034bc                handleTimeout
 .text.readCommand
                0x00000000080035bc       0x58 build/util.o
                0x00000000080035bc                readCommand
 .text.usart3_rx_check
                0x0000000008003614       0x5c build/util.o
                0x0000000008003614                usart3_rx_check
 .text.saveConfig
                0x0000000008003670       0xfc build/util.o
                0x0000000008003670                saveConfig
 .text.poweroff
                0x000000000800376c       0x50 build/util.o
                0x000000000800376c                poweroff
 .text.filtLowPass32
                0x00000000080037bc       0x46 build/util.o
                0x00000000080037bc                filtLowPass32
 *fill*         0x0000000008003802        0x2 
 .text.adcCalibLim
                0x0000000008003804      0x21c build/util.o
                0x0000000008003804                adcCalibLim
 .text.updateCurSpdLim
                0x0000000008003a20      0x19c build/util.o
                0x0000000008003a20                updateCurSpdLim
 .text.poweroffPressCheck
                0x0000000008003bbc       0x98 build/util.o
                0x0000000008003bbc                poweroffPressCheck
 .text.rateLimiter16
                0x0000000008003c54       0x1e build/util.o
                0x0000000008003c54                rateLimiter16
 *fill*         0x0000000008003c72        0x2 
 .text.mixerFcn
                0x0000000008003c74       0x8c build/util.o
                0x0000000008003c74                mixerFcn
 .text.SystemClock_Config
                0x0000000008003d00       0x74 build/main.o
                0x0000000008003d00                SystemClock_Config
 .text.main     0x0000000008003d74      0x49c build/main.o
                0x0000000008003d74                main
 .text.DMA1_Channel1_IRQHandler
                0x0000000008004210      0x504 build/bldc.o
                0x0000000008004210                DMA1_Channel1_IRQHandler
 .text.EE_VerifyPageFullyErased
                0x0000000008004714       0x24 build/eeprom.o
 .text.EE_FindValidPage
                0x0000000008004738       0x50 build/eeprom.o
 .text.EE_VerifyPageFullWriteVariable
                0x0000000008004788       0x5c build/eeprom.o
 .text.EE_Format
                0x00000000080047e4       0x60 build/eeprom.o
 .text.EE_ReadVariable
                0x0000000008004844       0x4c build/eeprom.o
                0x0000000008004844                EE_ReadVariable
 .text.EE_Init  0x0000000008004890      0x250 build/eeprom.o
                0x0000000008004890                EE_Init
 .text.EE_PageTransfer
                0x0000000008004ae0       0xcc build/eeprom.o
 .text.EE_WriteVariable
                0x0000000008004bac       0x1a build/eeprom.o
                0x0000000008004bac                EE_WriteVariable
 .text.NMI_Handler
                0x0000000008004bc6        0x2 build/stm32f1xx_it.o
                0x0000000008004bc6                NMI_Handler
 .text.HardFault_Handler
                0x0000000008004bc8        0x2 build/stm32f1xx_it.o
                0x0000000008004bc8                HardFault_Handler
 .text.MemManage_Handler
                0x0000000008004bca        0x2 build/stm32f1xx_it.o
                0x0000000008004bca                MemManage_Handler
 .text.BusFault_Handler
                0x0000000008004bcc        0x2 build/stm32f1xx_it.o
                0x0000000008004bcc                BusFault_Handler
 .text.UsageFault_Handler
                0x0000000008004bce        0x2 build/stm32f1xx_it.o
                0x0000000008004bce                UsageFault_Handler
 .text.SVC_Handler
                0x0000000008004bd0        0x2 build/stm32f1xx_it.o
                0x0000000008004bd0                SVC_Handler
 .text.DebugMon_Handler
                0x0000000008004bd2        0x2 build/stm32f1xx_it.o
                0x0000000008004bd2                DebugMon_Handler
 .text.PendSV_Handler
                0x0000000008004bd4        0x2 build/stm32f1xx_it.o
                0x0000000008004bd4                PendSV_Handler
 .text.SysTick_Handler
                0x0000000008004bd6        0xc build/stm32f1xx_it.o
                0x0000000008004bd6                SysTick_Handler
 *fill*         0x0000000008004be2        0x2 
 .text.DMA1_Channel2_IRQHandler
                0x0000000008004be4       0x10 build/stm32f1xx_it.o
                0x0000000008004be4                DMA1_Channel2_IRQHandler
 .text.DMA1_Channel3_IRQHandler
                0x0000000008004bf4       0x10 build/stm32f1xx_it.o
                0x0000000008004bf4                DMA1_Channel3_IRQHandler
 .text.USART3_IRQHandler
                0x0000000008004c04       0x34 build/stm32f1xx_it.o
                0x0000000008004c04                USART3_IRQHandler
 .text.plook_u8s16_evencka
                0x0000000008004c38       0x1c build/BLDC_controller.o
                0x0000000008004c38                plook_u8s16_evencka
 .text.plook_u8u16_evencka
                0x0000000008004c54       0x1c build/BLDC_controller.o
                0x0000000008004c54                plook_u8u16_evencka
 .text.div_nde_s32_floor
                0x0000000008004c70       0x22 build/BLDC_controller.o
                0x0000000008004c70                div_nde_s32_floor
 .text.Counter_Init
                0x0000000008004c92        0x4 build/BLDC_controller.o
                0x0000000008004c92                Counter_Init
 .text.Counter  0x0000000008004c96       0x1a build/BLDC_controller.o
                0x0000000008004c96                Counter
 .text.Low_Pass_Filter_Reset
                0x0000000008004cb0        0x8 build/BLDC_controller.o
                0x0000000008004cb0                Low_Pass_Filter_Reset
 .text.Low_Pass_Filter
                0x0000000008004cb8       0x5c build/BLDC_controller.o
                0x0000000008004cb8                Low_Pass_Filter
 .text.Counter_b_Init
                0x0000000008004d14        0x4 build/BLDC_controller.o
                0x0000000008004d14                Counter_b_Init
 .text.Counter_n
                0x0000000008004d18       0x20 build/BLDC_controller.o
                0x0000000008004d18                Counter_n
 .text.either_edge
                0x0000000008004d38        0xe build/BLDC_controller.o
                0x0000000008004d38                either_edge
 .text.Debounce_Filter_Init
                0x0000000008004d46       0x16 build/BLDC_controller.o
                0x0000000008004d46                Debounce_Filter_Init
 .text.Debounce_Filter
                0x0000000008004d5c       0x8c build/BLDC_controller.o
                0x0000000008004d5c                Debounce_Filter
 .text.I_backCalc_fixdt_Init
                0x0000000008004de8        0x4 build/BLDC_controller.o
                0x0000000008004de8                I_backCalc_fixdt_Init
 .text.I_backCalc_fixdt_Reset
                0x0000000008004dec        0x8 build/BLDC_controller.o
                0x0000000008004dec                I_backCalc_fixdt_Reset
 .text.I_backCalc_fixdt
                0x0000000008004df4       0x72 build/BLDC_controller.o
                0x0000000008004df4                I_backCalc_fixdt
 .text.PI_clamp_fixdt_Init
                0x0000000008004e66        0x6 build/BLDC_controller.o
                0x0000000008004e66                PI_clamp_fixdt_Init
 .text.PI_clamp_fixdt_Reset
                0x0000000008004e6c        0xa build/BLDC_controller.o
                0x0000000008004e6c                PI_clamp_fixdt_Reset
 *fill*         0x0000000008004e76        0x2 
 .text.PI_clamp_fixdt
                0x0000000008004e78       0xf4 build/BLDC_controller.o
                0x0000000008004e78                PI_clamp_fixdt
 .text.PI_clamp_fixdt_d_Init
                0x0000000008004f6c        0x6 build/BLDC_controller.o
                0x0000000008004f6c                PI_clamp_fixdt_d_Init
 .text.PI_clamp_fixdt_b_Reset
                0x0000000008004f72        0xa build/BLDC_controller.o
                0x0000000008004f72                PI_clamp_fixdt_b_Reset
 .text.PI_clamp_fixdt_l
                0x0000000008004f7c       0xf8 build/BLDC_controller.o
                0x0000000008004f7c                PI_clamp_fixdt_l
 .text.PI_clamp_fixdt_f_Init
                0x0000000008005074        0x6 build/BLDC_controller.o
                0x0000000008005074                PI_clamp_fixdt_f_Init
 .text.PI_clamp_fixdt_g_Reset
                0x000000000800507a        0xa build/BLDC_controller.o
                0x000000000800507a                PI_clamp_fixdt_g_Reset
 .text.PI_clamp_fixdt_k
                0x0000000008005084      0x108 build/BLDC_controller.o
                0x0000000008005084                PI_clamp_fixdt_k
 .text.BLDC_controller_step
                0x000000000800518c     0x11a4 build/BLDC_controller.o
                0x000000000800518c                BLDC_controller_step
 .text.BLDC_controller_initialize
                0x0000000008006330       0xc0 build/BLDC_controller.o
                0x0000000008006330                BLDC_controller_initialize
 .text.Reset_Handler
                0x00000000080063f0       0x48 build/startup_stm32f103xe.o
                0x00000000080063f0                Reset_Handler
 .text.Default_Handler
                0x0000000008006438        0x2 build/startup_stm32f103xe.o
                0x0000000008006438                DMA2_Channel3_IRQHandler
                0x0000000008006438                EXTI2_IRQHandler
                0x0000000008006438                TIM8_TRG_COM_IRQHandler
                0x0000000008006438                TIM8_CC_IRQHandler
                0x0000000008006438                TIM1_CC_IRQHandler
                0x0000000008006438                TIM6_IRQHandler
                0x0000000008006438                PVD_IRQHandler
                0x0000000008006438                SDIO_IRQHandler
                0x0000000008006438                EXTI3_IRQHandler
                0x0000000008006438                EXTI0_IRQHandler
                0x0000000008006438                I2C2_EV_IRQHandler
                0x0000000008006438                ADC1_2_IRQHandler
                0x0000000008006438                SPI1_IRQHandler
                0x0000000008006438                TAMPER_IRQHandler
                0x0000000008006438                TIM8_UP_IRQHandler
                0x0000000008006438                DMA2_Channel2_IRQHandler
                0x0000000008006438                DMA1_Channel4_IRQHandler
                0x0000000008006438                RTC_IRQHandler
                0x0000000008006438                DMA1_Channel7_IRQHandler
                0x0000000008006438                CAN1_RX1_IRQHandler
                0x0000000008006438                UART5_IRQHandler
                0x0000000008006438                ADC3_IRQHandler
                0x0000000008006438                TIM4_IRQHandler
                0x0000000008006438                DMA2_Channel1_IRQHandler
                0x0000000008006438                I2C1_EV_IRQHandler
                0x0000000008006438                DMA1_Channel6_IRQHandler
                0x0000000008006438                UART4_IRQHandler
                0x0000000008006438                TIM3_IRQHandler
                0x0000000008006438                RCC_IRQHandler
                0x0000000008006438                TIM1_TRG_COM_IRQHandler
                0x0000000008006438                Default_Handler
                0x0000000008006438                EXTI15_10_IRQHandler
                0x0000000008006438                TIM7_IRQHandler
                0x0000000008006438                TIM5_IRQHandler
                0x0000000008006438                EXTI9_5_IRQHandler
                0x0000000008006438                SPI2_IRQHandler
                0x0000000008006438                DMA1_Channel5_IRQHandler
                0x0000000008006438                EXTI4_IRQHandler
                0x0000000008006438                USB_LP_CAN1_RX0_IRQHandler
                0x0000000008006438                USB_HP_CAN1_TX_IRQHandler
                0x0000000008006438                FSMC_IRQHandler
                0x0000000008006438                TIM1_UP_IRQHandler
                0x0000000008006438                WWDG_IRQHandler
                0x0000000008006438                TIM2_IRQHandler
                0x0000000008006438                TIM1_BRK_IRQHandler
                0x0000000008006438                EXTI1_IRQHandler
                0x0000000008006438                DMA2_Channel4_5_IRQHandler
                0x0000000008006438                USART2_IRQHandler
                0x0000000008006438                I2C2_ER_IRQHandler
                0x0000000008006438                TIM8_BRK_IRQHandler
                0x0000000008006438                CAN1_SCE_IRQHandler
                0x0000000008006438                FLASH_IRQHandler
                0x0000000008006438                USART1_IRQHandler
                0x0000000008006438                SPI3_IRQHandler
                0x0000000008006438                I2C1_ER_IRQHandler
                0x0000000008006438                USBWakeUp_IRQHandler
                0x0000000008006438                RTC_Alarm_IRQHandler
 *fill*         0x000000000800643a        0x2 
 .text.__libc_init_array
                0x000000000800643c       0x48 /usr/local/Caskroom/gcc-arm-embedded/10-2020-q4-major/gcc-arm-none-eabi-10-2020-q4-major/bin/../lib/gcc/arm-none-eabi/10.2.1/../../../../arm-none-eabi/lib/thumb/v7-m/nofp/libc_nano.a(lib_a-init.o)
                0x000000000800643c                __libc_init_array
 .text.memcpy   0x0000000008006484       0x1c /usr/local/Caskroom/gcc-arm-embedded/10-2020-q4-major/gcc-arm-none-eabi-10-2020-q4-major/bin/../lib/gcc/arm-none-eabi/10.2.1/../../../../arm-none-eabi/lib/thumb/v7-m/nofp/libc_nano.a(lib_a-memcpy-stub.o)
                0x0000000008006484                memcpy
 .text.memset   0x00000000080064a0       0x10 /usr/local/Caskroom/gcc-arm-embedded/10-2020-q4-major/gcc-arm-none-eabi-10-2020-q4-major/bin/../lib/gcc/arm-none-eabi/10.2.1/../../../../arm-none-eabi/lib/thumb/v7-m/nofp/libc_nano.a(lib_a-memset.o)
                0x00000000080064a0                memset
 .text.printf   0x00000000080064b0       0x30 /usr/local/Caskroom/gcc-arm-embedded/10-2020-q4-major/gcc-arm-none-eabi-10-2020-q4-major/bin/../lib/gcc/arm-none-eabi/10.2.1/../../../../arm-none-eabi/lib/thumb/v7-m/nofp/libc_nano.a(lib_a-printf.o)
                0x00000000080064b0                printf
                0x00000000080064b0                iprintf
 .text._puts_r  0x00000000080064e0       0xdc /usr/local/Caskroom/gcc-arm-embedded/10-2020-q4-major/gcc-arm-none-eabi-10-2020-q4-major/bin/../lib/gcc/arm-none-eabi/10.2.1/../../../../arm-none-eabi/lib/thumb/v7-m/nofp/libc_nano.a(lib_a-puts.o)
                0x00000000080064e0                _puts_r
 .text.puts     0x00000000080065bc       0x10 /usr/local/Caskroom/gcc-arm-embedded/10-2020-q4-major/gcc-arm-none-eabi-10-2020-q4-major/bin/../lib/gcc/arm-none-eabi/10.2.1/../../../../arm-none-eabi/lib/thumb/v7-m/nofp/libc_nano.a(lib_a-puts.o)
                0x00000000080065bc                puts
 .text.__swbuf_r
                0x00000000080065cc       0xa4 /usr/local/Caskroom/gcc-arm-embedded/10-2020-q4-major/gcc-arm-none-eabi-10-2020-q4-major/bin/../lib/gcc/arm-none-eabi/10.2.1/../../../../arm-none-eabi/lib/thumb/v7-m/nofp/libc_nano.a(lib_a-wbuf.o)
                0x00000000080065cc                __swbuf_r
 .text.__swsetup_r
                0x0000000008006670       0xdc /usr/local/Caskroom/gcc-arm-embedded/10-2020-q4-major/gcc-arm-none-eabi-10-2020-q4-major/bin/../lib/gcc/arm-none-eabi/10.2.1/../../../../arm-none-eabi/lib/thumb/v7-m/nofp/libc_nano.a(lib_a-wsetup.o)
                0x0000000008006670                __swsetup_r
 .text.__sflush_r
                0x000000000800674c      0x104 /usr/local/Caskroom/gcc-arm-embedded/10-2020-q4-major/gcc-arm-none-eabi-10-2020-q4-major/bin/../lib/gcc/arm-none-eabi/10.2.1/../../../../arm-none-eabi/lib/thumb/v7-m/nofp/libc_nano.a(lib_a-fflush.o)
                0x000000000800674c                __sflush_r
 .text._fflush_r
                0x0000000008006850       0x78 /usr/local/Caskroom/gcc-arm-embedded/10-2020-q4-major/gcc-arm-none-eabi-10-2020-q4-major/bin/../lib/gcc/arm-none-eabi/10.2.1/../../../../arm-none-eabi/lib/thumb/v7-m/nofp/libc_nano.a(lib_a-fflush.o)
                0x0000000008006850                _fflush_r
 .text.std      0x00000000080068c8       0x48 /usr/local/Caskroom/gcc-arm-embedded/10-2020-q4-major/gcc-arm-none-eabi-10-2020-q4-major/bin/../lib/gcc/arm-none-eabi/10.2.1/../../../../arm-none-eabi/lib/thumb/v7-m/nofp/libc_nano.a(lib_a-findfp.o)
 .text._cleanup_r
                0x0000000008006910        0xc /usr/local/Caskroom/gcc-arm-embedded/10-2020-q4-major/gcc-arm-none-eabi-10-2020-q4-major/bin/../lib/gcc/arm-none-eabi/10.2.1/../../../../arm-none-eabi/lib/thumb/v7-m/nofp/libc_nano.a(lib_a-findfp.o)
                0x0000000008006910                _cleanup_r
 .text.__sfmoreglue
                0x000000000800691c       0x2c /usr/local/Caskroom/gcc-arm-embedded/10-2020-q4-major/gcc-arm-none-eabi-10-2020-q4-major/bin/../lib/gcc/arm-none-eabi/10.2.1/../../../../arm-none-eabi/lib/thumb/v7-m/nofp/libc_nano.a(lib_a-findfp.o)
                0x000000000800691c                __sfmoreglue
 .text.__sfp_lock_acquire
                0x0000000008006948        0xc /usr/local/Caskroom/gcc-arm-embedded/10-2020-q4-major/gcc-arm-none-eabi-10-2020-q4-major/bin/../lib/gcc/arm-none-eabi/10.2.1/../../../../arm-none-eabi/lib/thumb/v7-m/nofp/libc_nano.a(lib_a-findfp.o)
                0x0000000008006948                __sfp_lock_acquire
 .text.__sfp_lock_release
                0x0000000008006954        0xc /usr/local/Caskroom/gcc-arm-embedded/10-2020-q4-major/gcc-arm-none-eabi-10-2020-q4-major/bin/../lib/gcc/arm-none-eabi/10.2.1/../../../../arm-none-eabi/lib/thumb/v7-m/nofp/libc_nano.a(lib_a-findfp.o)
                0x0000000008006954                __sfp_lock_release
 .text.__sinit_lock_acquire
                0x0000000008006960        0xc /usr/local/Caskroom/gcc-arm-embedded/10-2020-q4-major/gcc-arm-none-eabi-10-2020-q4-major/bin/../lib/gcc/arm-none-eabi/10.2.1/../../../../arm-none-eabi/lib/thumb/v7-m/nofp/libc_nano.a(lib_a-findfp.o)
                0x0000000008006960                __sinit_lock_acquire
 .text.__sinit_lock_release
                0x000000000800696c        0xc /usr/local/Caskroom/gcc-arm-embedded/10-2020-q4-major/gcc-arm-none-eabi-10-2020-q4-major/bin/../lib/gcc/arm-none-eabi/10.2.1/../../../../arm-none-eabi/lib/thumb/v7-m/nofp/libc_nano.a(lib_a-findfp.o)
                0x000000000800696c                __sinit_lock_release
 .text.__sinit  0x0000000008006978       0x70 /usr/local/Caskroom/gcc-arm-embedded/10-2020-q4-major/gcc-arm-none-eabi-10-2020-q4-major/bin/../lib/gcc/arm-none-eabi/10.2.1/../../../../arm-none-eabi/lib/thumb/v7-m/nofp/libc_nano.a(lib_a-findfp.o)
                0x0000000008006978                __sinit
 .text.__sfp    0x00000000080069e8       0x8c /usr/local/Caskroom/gcc-arm-embedded/10-2020-q4-major/gcc-arm-none-eabi-10-2020-q4-major/bin/../lib/gcc/arm-none-eabi/10.2.1/../../../../arm-none-eabi/lib/thumb/v7-m/nofp/libc_nano.a(lib_a-findfp.o)
                0x00000000080069e8                __sfp
 .text._fwalk_reent
                0x0000000008006a74       0x3e /usr/local/Caskroom/gcc-arm-embedded/10-2020-q4-major/gcc-arm-none-eabi-10-2020-q4-major/bin/../lib/gcc/arm-none-eabi/10.2.1/../../../../arm-none-eabi/lib/thumb/v7-m/nofp/libc_nano.a(lib_a-fwalk.o)
                0x0000000008006a74                _fwalk_reent
 .text.__retarget_lock_init_recursive
                0x0000000008006ab2        0x2 /usr/local/Caskroom/gcc-arm-embedded/10-2020-q4-major/gcc-arm-none-eabi-10-2020-q4-major/bin/../lib/gcc/arm-none-eabi/10.2.1/../../../../arm-none-eabi/lib/thumb/v7-m/nofp/libc_nano.a(lib_a-lock.o)
                0x0000000008006ab2                __retarget_lock_init_recursive
 .text.__retarget_lock_acquire_recursive
                0x0000000008006ab4        0x2 /usr/local/Caskroom/gcc-arm-embedded/10-2020-q4-major/gcc-arm-none-eabi-10-2020-q4-major/bin/../lib/gcc/arm-none-eabi/10.2.1/../../../../arm-none-eabi/lib/thumb/v7-m/nofp/libc_nano.a(lib_a-lock.o)
                0x0000000008006ab4                __retarget_lock_acquire_recursive
 .text.__retarget_lock_release_recursive
                0x0000000008006ab6        0x2 /usr/local/Caskroom/gcc-arm-embedded/10-2020-q4-major/gcc-arm-none-eabi-10-2020-q4-major/bin/../lib/gcc/arm-none-eabi/10.2.1/../../../../arm-none-eabi/lib/thumb/v7-m/nofp/libc_nano.a(lib_a-lock.o)
                0x0000000008006ab6                __retarget_lock_release_recursive
 .text.__swhatbuf_r
                0x0000000008006ab8       0x4a /usr/local/Caskroom/gcc-arm-embedded/10-2020-q4-major/gcc-arm-none-eabi-10-2020-q4-major/bin/../lib/gcc/arm-none-eabi/10.2.1/../../../../arm-none-eabi/lib/thumb/v7-m/nofp/libc_nano.a(lib_a-makebuf.o)
                0x0000000008006ab8                __swhatbuf_r
 *fill*         0x0000000008006b02        0x2 
 .text.__smakebuf_r
                0x0000000008006b04       0x80 /usr/local/Caskroom/gcc-arm-embedded/10-2020-q4-major/gcc-arm-none-eabi-10-2020-q4-major/bin/../lib/gcc/arm-none-eabi/10.2.1/../../../../arm-none-eabi/lib/thumb/v7-m/nofp/libc_nano.a(lib_a-makebuf.o)
                0x0000000008006b04                __smakebuf_r
 .text._free_r  0x0000000008006b84       0x90 /usr/local/Caskroom/gcc-arm-embedded/10-2020-q4-major/gcc-arm-none-eabi-10-2020-q4-major/bin/../lib/gcc/arm-none-eabi/10.2.1/../../../../arm-none-eabi/lib/thumb/v7-m/nofp/libc_nano.a(lib_a-nano-freer.o)
                0x0000000008006b84                _free_r
 .text._malloc_r
                0x0000000008006c14       0xb4 /usr/local/Caskroom/gcc-arm-embedded/10-2020-q4-major/gcc-arm-none-eabi-10-2020-q4-major/bin/../lib/gcc/arm-none-eabi/10.2.1/../../../../arm-none-eabi/lib/thumb/v7-m/nofp/libc_nano.a(lib_a-nano-mallocr.o)
                0x0000000008006c14                _malloc_r
 .text.__sfputc_r
                0x0000000008006cc8       0x2a /usr/local/Caskroom/gcc-arm-embedded/10-2020-q4-major/gcc-arm-none-eabi-10-2020-q4-major/bin/../lib/gcc/arm-none-eabi/10.2.1/../../../../arm-none-eabi/lib/thumb/v7-m/nofp/libc_nano.a(lib_a-nano-vfprintf.o)
 .text.__sfputs_r
                0x0000000008006cf2       0x24 /usr/local/Caskroom/gcc-arm-embedded/10-2020-q4-major/gcc-arm-none-eabi-10-2020-q4-major/bin/../lib/gcc/arm-none-eabi/10.2.1/../../../../arm-none-eabi/lib/thumb/v7-m/nofp/libc_nano.a(lib_a-nano-vfprintf.o)
                0x0000000008006cf2                __sfputs_r
 *fill*         0x0000000008006d16        0x2 
 .text._vfprintf_r
                0x0000000008006d18      0x260 /usr/local/Caskroom/gcc-arm-embedded/10-2020-q4-major/gcc-arm-none-eabi-10-2020-q4-major/bin/../lib/gcc/arm-none-eabi/10.2.1/../../../../arm-none-eabi/lib/thumb/v7-m/nofp/libc_nano.a(lib_a-nano-vfprintf.o)
                0x0000000008006d18                _vfiprintf_r
                0x0000000008006d18                _vfprintf_r
 .text._printf_common
                0x0000000008006f78       0xde /usr/local/Caskroom/gcc-arm-embedded/10-2020-q4-major/gcc-arm-none-eabi-10-2020-q4-major/bin/../lib/gcc/arm-none-eabi/10.2.1/../../../../arm-none-eabi/lib/thumb/v7-m/nofp/libc_nano.a(lib_a-nano-vfprintf_i.o)
                0x0000000008006f78                _printf_common
 *fill*         0x0000000008007056        0x2 
 .text._printf_i
                0x0000000008007058      0x24c /usr/local/Caskroom/gcc-arm-embedded/10-2020-q4-major/gcc-arm-none-eabi-10-2020-q4-major/bin/../lib/gcc/arm-none-eabi/10.2.1/../../../../arm-none-eabi/lib/thumb/v7-m/nofp/libc_nano.a(lib_a-nano-vfprintf_i.o)
                0x0000000008007058                _printf_i
 .text._sbrk_r  0x00000000080072a4       0x20 /usr/local/Caskroom/gcc-arm-embedded/10-2020-q4-major/gcc-arm-none-eabi-10-2020-q4-major/bin/../lib/gcc/arm-none-eabi/10.2.1/../../../../arm-none-eabi/lib/thumb/v7-m/nofp/libc_nano.a(lib_a-sbrkr.o)
                0x00000000080072a4                _sbrk_r
 .text.__sread  0x00000000080072c4       0x22 /usr/local/Caskroom/gcc-arm-embedded/10-2020-q4-major/gcc-arm-none-eabi-10-2020-q4-major/bin/../lib/gcc/arm-none-eabi/10.2.1/../../../../arm-none-eabi/lib/thumb/v7-m/nofp/libc_nano.a(lib_a-stdio.o)
                0x00000000080072c4                __sread
 .text.__swrite
                0x00000000080072e6       0x38 /usr/local/Caskroom/gcc-arm-embedded/10-2020-q4-major/gcc-arm-none-eabi-10-2020-q4-major/bin/../lib/gcc/arm-none-eabi/10.2.1/../../../../arm-none-eabi/lib/thumb/v7-m/nofp/libc_nano.a(lib_a-stdio.o)
                0x00000000080072e6                __swrite
 .text.__sseek  0x000000000800731e       0x24 /usr/local/Caskroom/gcc-arm-embedded/10-2020-q4-major/gcc-arm-none-eabi-10-2020-q4-major/bin/../lib/gcc/arm-none-eabi/10.2.1/../../../../arm-none-eabi/lib/thumb/v7-m/nofp/libc_nano.a(lib_a-stdio.o)
                0x000000000800731e                __sseek
 .text.__sclose
                0x0000000008007342        0x8 /usr/local/Caskroom/gcc-arm-embedded/10-2020-q4-major/gcc-arm-none-eabi-10-2020-q4-major/bin/../lib/gcc/arm-none-eabi/10.2.1/../../../../arm-none-eabi/lib/thumb/v7-m/nofp/libc_nano.a(lib_a-stdio.o)
                0x0000000008007342                __sclose
 *fill*         0x000000000800734a        0x2 
 .text._write_r
                0x000000000800734c       0x24 /usr/local/Caskroom/gcc-arm-embedded/10-2020-q4-major/gcc-arm-none-eabi-10-2020-q4-major/bin/../lib/gcc/arm-none-eabi/10.2.1/../../../../arm-none-eabi/lib/thumb/v7-m/nofp/libc_nano.a(lib_a-writer.o)
                0x000000000800734c                _write_r
 .text._close_r
                0x0000000008007370       0x20 /usr/local/Caskroom/gcc-arm-embedded/10-2020-q4-major/gcc-arm-none-eabi-10-2020-q4-major/bin/../lib/gcc/arm-none-eabi/10.2.1/../../../../arm-none-eabi/lib/thumb/v7-m/nofp/libc_nano.a(lib_a-closer.o)
                0x0000000008007370                _close_r
 .text._fstat_r
                0x0000000008007390       0x24 /usr/local/Caskroom/gcc-arm-embedded/10-2020-q4-major/gcc-arm-none-eabi-10-2020-q4-major/bin/../lib/gcc/arm-none-eabi/10.2.1/../../../../arm-none-eabi/lib/thumb/v7-m/nofp/libc_nano.a(lib_a-fstatr.o)
                0x0000000008007390                _fstat_r
 .text._isatty_r
                0x00000000080073b4       0x20 /usr/local/Caskroom/gcc-arm-embedded/10-2020-q4-major/gcc-arm-none-eabi-10-2020-q4-major/bin/../lib/gcc/arm-none-eabi/10.2.1/../../../../arm-none-eabi/lib/thumb/v7-m/nofp/libc_nano.a(lib_a-isattyr.o)
                0x00000000080073b4                _isatty_r
 .text._lseek_r
                0x00000000080073d4       0x24 /usr/local/Caskroom/gcc-arm-embedded/10-2020-q4-major/gcc-arm-none-eabi-10-2020-q4-major/bin/../lib/gcc/arm-none-eabi/10.2.1/../../../../arm-none-eabi/lib/thumb/v7-m/nofp/libc_nano.a(lib_a-lseekr.o)
                0x00000000080073d4                _lseek_r
 .text.memchr   0x00000000080073f8       0x1c /usr/local/Caskroom/gcc-arm-embedded/10-2020-q4-major/gcc-arm-none-eabi-10-2020-q4-major/bin/../lib/gcc/arm-none-eabi/10.2.1/../../../../arm-none-eabi/lib/thumb/v7-m/nofp/libc_nano.a(lib_a-memchr-stub.o)
                0x00000000080073f8                memchr
 .text.__malloc_lock
                0x0000000008007414        0xc /usr/local/Caskroom/gcc-arm-embedded/10-2020-q4-major/gcc-arm-none-eabi-10-2020-q4-major/bin/../lib/gcc/arm-none-eabi/10.2.1/../../../../arm-none-eabi/lib/thumb/v7-m/nofp/libc_nano.a(lib_a-mlock.o)
                0x0000000008007414                __malloc_lock
 .text.__malloc_unlock
                0x0000000008007420        0xc /usr/local/Caskroom/gcc-arm-embedded/10-2020-q4-major/gcc-arm-none-eabi-10-2020-q4-major/bin/../lib/gcc/arm-none-eabi/10.2.1/../../../../arm-none-eabi/lib/thumb/v7-m/nofp/libc_nano.a(lib_a-mlock.o)
                0x0000000008007420                __malloc_unlock
 .text._read_r  0x000000000800742c       0x24 /usr/local/Caskroom/gcc-arm-embedded/10-2020-q4-major/gcc-arm-none-eabi-10-2020-q4-major/bin/../lib/gcc/arm-none-eabi/10.2.1/../../../../arm-none-eabi/lib/thumb/v7-m/nofp/libc_nano.a(lib_a-readr.o)
                0x000000000800742c                _read_r
 .text._close   0x0000000008007450       0x10 /usr/local/Caskroom/gcc-arm-embedded/10-2020-q4-major/gcc-arm-none-eabi-10-2020-q4-major/bin/../lib/gcc/arm-none-eabi/10.2.1/../../../../arm-none-eabi/lib/thumb/v7-m/nofp/libnosys.a(close.o)
                0x0000000008007450                _close
 .text._fstat   0x0000000008007460       0x10 /usr/local/Caskroom/gcc-arm-embedded/10-2020-q4-major/gcc-arm-none-eabi-10-2020-q4-major/bin/../lib/gcc/arm-none-eabi/10.2.1/../../../../arm-none-eabi/lib/thumb/v7-m/nofp/libnosys.a(fstat.o)
                0x0000000008007460                _fstat
 .text._isatty  0x0000000008007470       0x10 /usr/local/Caskroom/gcc-arm-embedded/10-2020-q4-major/gcc-arm-none-eabi-10-2020-q4-major/bin/../lib/gcc/arm-none-eabi/10.2.1/../../../../arm-none-eabi/lib/thumb/v7-m/nofp/libnosys.a(isatty.o)
                0x0000000008007470                _isatty
 .text._lseek   0x0000000008007480       0x10 /usr/local/Caskroom/gcc-arm-embedded/10-2020-q4-major/gcc-arm-none-eabi-10-2020-q4-major/bin/../lib/gcc/arm-none-eabi/10.2.1/../../../../arm-none-eabi/lib/thumb/v7-m/nofp/libnosys.a(lseek.o)
                0x0000000008007480                _lseek
 .text._read    0x0000000008007490       0x10 /usr/local/Caskroom/gcc-arm-embedded/10-2020-q4-major/gcc-arm-none-eabi-10-2020-q4-major/bin/../lib/gcc/arm-none-eabi/10.2.1/../../../../arm-none-eabi/lib/thumb/v7-m/nofp/libnosys.a(read.o)
                0x0000000008007490                _read
 .text._sbrk    0x00000000080074a0       0x1c /usr/local/Caskroom/gcc-arm-embedded/10-2020-q4-major/gcc-arm-none-eabi-10-2020-q4-major/bin/../lib/gcc/arm-none-eabi/10.2.1/../../../../arm-none-eabi/lib/thumb/v7-m/nofp/libnosys.a(sbrk.o)
                0x00000000080074a0                _sbrk
 *(.glue_7)
 .glue_7        0x00000000080074bc        0x0 linker stubs
 *(.glue_7t)
 .glue_7t       0x00000000080074bc        0x0 linker stubs
 *(.eh_frame)
 .eh_frame      0x00000000080074bc        0x0 /usr/local/Caskroom/gcc-arm-embedded/10-2020-q4-major/gcc-arm-none-eabi-10-2020-q4-major/bin/../lib/gcc/arm-none-eabi/10.2.1/thumb/v7-m/nofp/crtbegin.o
 *(.init)
 .init          0x00000000080074bc        0x4 /usr/local/Caskroom/gcc-arm-embedded/10-2020-q4-major/gcc-arm-none-eabi-10-2020-q4-major/bin/../lib/gcc/arm-none-eabi/10.2.1/thumb/v7-m/nofp/crti.o
                0x00000000080074bc                _init
 .init          0x00000000080074c0        0x8 /usr/local/Caskroom/gcc-arm-embedded/10-2020-q4-major/gcc-arm-none-eabi-10-2020-q4-major/bin/../lib/gcc/arm-none-eabi/10.2.1/thumb/v7-m/nofp/crtn.o
 *(.fini)
 .fini          0x00000000080074c8        0x4 /usr/local/Caskroom/gcc-arm-embedded/10-2020-q4-major/gcc-arm-none-eabi-10-2020-q4-major/bin/../lib/gcc/arm-none-eabi/10.2.1/thumb/v7-m/nofp/crti.o
                0x00000000080074c8                _fini
 .fini          0x00000000080074cc        0x8 /usr/local/Caskroom/gcc-arm-embedded/10-2020-q4-major/gcc-arm-none-eabi-10-2020-q4-major/bin/../lib/gcc/arm-none-eabi/10.2.1/thumb/v7-m/nofp/crtn.o
                0x00000000080074d4                . = ALIGN (0x4)
                0x00000000080074d4                _etext = .

.vfp11_veneer   0x00000000080074d4        0x0
 .vfp11_veneer  0x00000000080074d4        0x0 linker stubs

.v4_bx          0x00000000080074d4        0x0
 .v4_bx         0x00000000080074d4        0x0 linker stubs

.iplt           0x00000000080074d4        0x0
 .iplt          0x00000000080074d4        0x0 /usr/local/Caskroom/gcc-arm-embedded/10-2020-q4-major/gcc-arm-none-eabi-10-2020-q4-major/bin/../lib/gcc/arm-none-eabi/10.2.1/thumb/v7-m/nofp/crtbegin.o

.rodata         0x00000000080074d4      0xa3c
                0x00000000080074d4                . = ALIGN (0x4)
 *(.rodata)
 *(.rodata*)
 .rodata.HAL_RCC_GetSysClockFreq.str1.4
                0x00000000080074d4       0x11 build/stm32f1xx_hal_rcc.o
 *fill*         0x00000000080074e5        0x3 
 .rodata.AHBPrescTable
                0x00000000080074e8       0x10 build/system_stm32f1xx.o
                0x00000000080074e8                AHBPrescTable
 .rodata.APBPrescTable
                0x00000000080074f8        0x8 build/system_stm32f1xx.o
                0x00000000080074f8                APBPrescTable
 .rodata.checkInputType.str1.4
                0x0000000008007500       0x3b build/util.o
 *fill*         0x000000000800753b        0x1 
 .rodata.poweroff.str1.4
                0x000000000800753c       0x17 build/util.o
 *fill*         0x0000000008007553        0x1 
 .rodata.adcCalibLim.str1.4
                0x0000000008007554       0xa1 build/util.o
 *fill*         0x00000000080075f5        0x3 
 .rodata.updateCurSpdLim.str1.4
                0x00000000080075f8       0x86 build/util.o
 *fill*         0x000000000800767e        0x2 
 .rodata.rtM_Left
                0x0000000008007680        0x4 build/util.o
                0x0000000008007680                rtM_Left
 .rodata.rtM_Right
                0x0000000008007684        0x4 build/util.o
                0x0000000008007684                rtM_Right
 .rodata.main.str1.4
                0x0000000008007688       0x5d build/main.o
 *fill*         0x00000000080076e5        0x3 
 .rodata.rtConstP
                0x00000000080076e8      0x790 build/BLDC_controller_data.o
                0x00000000080076e8                rtConstP
 .rodata._global_impure_ptr
                0x0000000008007e78        0x4 /usr/local/Caskroom/gcc-arm-embedded/10-2020-q4-major/gcc-arm-none-eabi-10-2020-q4-major/bin/../lib/gcc/arm-none-eabi/10.2.1/../../../../arm-none-eabi/lib/thumb/v7-m/nofp/libc_nano.a(lib_a-impure.o)
                0x0000000008007e78                _global_impure_ptr
 .rodata.__sf_fake_stderr
                0x0000000008007e7c       0x20 /usr/local/Caskroom/gcc-arm-embedded/10-2020-q4-major/gcc-arm-none-eabi-10-2020-q4-major/bin/../lib/gcc/arm-none-eabi/10.2.1/../../../../arm-none-eabi/lib/thumb/v7-m/nofp/libc_nano.a(lib_a-findfp.o)
                0x0000000008007e7c                __sf_fake_stderr
 .rodata.__sf_fake_stdin
                0x0000000008007e9c       0x20 /usr/local/Caskroom/gcc-arm-embedded/10-2020-q4-major/gcc-arm-none-eabi-10-2020-q4-major/bin/../lib/gcc/arm-none-eabi/10.2.1/../../../../arm-none-eabi/lib/thumb/v7-m/nofp/libc_nano.a(lib_a-findfp.o)
                0x0000000008007e9c                __sf_fake_stdin
 .rodata.__sf_fake_stdout
                0x0000000008007ebc       0x20 /usr/local/Caskroom/gcc-arm-embedded/10-2020-q4-major/gcc-arm-none-eabi-10-2020-q4-major/bin/../lib/gcc/arm-none-eabi/10.2.1/../../../../arm-none-eabi/lib/thumb/v7-m/nofp/libc_nano.a(lib_a-findfp.o)
                0x0000000008007ebc                __sf_fake_stdout
 .rodata._vfprintf_r.str1.1
                0x0000000008007edc       0x11 /usr/local/Caskroom/gcc-arm-embedded/10-2020-q4-major/gcc-arm-none-eabi-10-2020-q4-major/bin/../lib/gcc/arm-none-eabi/10.2.1/../../../../arm-none-eabi/lib/thumb/v7-m/nofp/libc_nano.a(lib_a-nano-vfprintf.o)
 .rodata._printf_i.str1.1
                0x0000000008007eed       0x22 /usr/local/Caskroom/gcc-arm-embedded/10-2020-q4-major/gcc-arm-none-eabi-10-2020-q4-major/bin/../lib/gcc/arm-none-eabi/10.2.1/../../../../arm-none-eabi/lib/thumb/v7-m/nofp/libc_nano.a(lib_a-nano-vfprintf_i.o)
                0x0000000008007f10                . = ALIGN (0x4)
 *fill*         0x0000000008007f0f        0x1 

.rel.dyn        0x0000000008007f10        0x0
 .rel.iplt      0x0000000008007f10        0x0 /usr/local/Caskroom/gcc-arm-embedded/10-2020-q4-major/gcc-arm-none-eabi-10-2020-q4-major/bin/../lib/gcc/arm-none-eabi/10.2.1/thumb/v7-m/nofp/crtbegin.o

.ARM.extab
 *(.ARM.extab* .gnu.linkonce.armextab.*)

.ARM            0x0000000008007f10        0x0
                0x0000000008007f10                __exidx_start = .
 *(.ARM.exidx*)
                0x0000000008007f10                __exidx_end = .

.preinit_array  0x0000000008007f10        0x0
                0x0000000008007f10                PROVIDE (__preinit_array_start = .)
 *(.preinit_array*)
                0x0000000008007f10                PROVIDE (__preinit_array_end = .)

.init_array     0x0000000008007f10        0x4
                0x0000000008007f10                PROVIDE (__init_array_start = .)
 *(SORT_BY_NAME(.init_array.*))
 *(.init_array*)
 .init_array    0x0000000008007f10        0x4 /usr/local/Caskroom/gcc-arm-embedded/10-2020-q4-major/gcc-arm-none-eabi-10-2020-q4-major/bin/../lib/gcc/arm-none-eabi/10.2.1/thumb/v7-m/nofp/crtbegin.o
                0x0000000008007f14                PROVIDE (__init_array_end = .)

.fini_array     0x0000000008007f14        0x4
                [!provide]                        PROVIDE (__fini_array_start = .)
 *(SORT_BY_NAME(.fini_array.*))
 *(.fini_array*)
 .fini_array    0x0000000008007f14        0x4 /usr/local/Caskroom/gcc-arm-embedded/10-2020-q4-major/gcc-arm-none-eabi-10-2020-q4-major/bin/../lib/gcc/arm-none-eabi/10.2.1/thumb/v7-m/nofp/crtbegin.o
                [!provide]                        PROVIDE (__fini_array_end = .)
                0x0000000008007f18                _sidata = LOADADDR (.data)

.data           0x0000000020000000      0x1c4 load address 0x0000000008007f18
                0x0000000020000000                . = ALIGN (0x4)
                0x0000000020000000                _sdata = .
 *(.data)
 *(.data*)
 .data.SystemCoreClock
                0x0000000020000000        0x4 build/system_stm32f1xx.o
                0x0000000020000000                SystemCoreClock
 .data.VirtAddVarTab
                0x0000000020000004       0x26 build/util.o
                0x0000000020000004                VirtAddVarTab
 .data.ctrlModReq
                0x000000002000002a        0x1 build/util.o
                0x000000002000002a                ctrlModReq
 .data.ctrlModReqRaw
                0x000000002000002b        0x1 build/util.o
                0x000000002000002b                ctrlModReqRaw
 .data.input1   0x000000002000002c        0xe build/util.o
                0x000000002000002c                input1
 *fill*         0x000000002000003a        0x2 
 .data.input2   0x000000002000003c        0xe build/util.o
                0x000000002000003c                input2
 .data.timeoutCntADC
                0x000000002000004a        0x2 build/util.o
 .data.batVoltage
                0x000000002000004c        0x2 build/bldc.o
                0x000000002000004c                batVoltage
 *fill*         0x000000002000004e        0x2 
 .data.batVoltageFixdt
                0x0000000020000050        0x4 build/bldc.o
 .data.offsetdcl
                0x0000000020000054        0x2 build/bldc.o
 .data.offsetdcr
                0x0000000020000056        0x2 build/bldc.o
 .data.offsetrlA
                0x0000000020000058        0x2 build/bldc.o
 .data.offsetrlB
                0x000000002000005a        0x2 build/bldc.o
 .data.offsetrrB
                0x000000002000005c        0x2 build/bldc.o
 .data.offsetrrC
                0x000000002000005e        0x2 build/bldc.o
 .data.rtP_Left
                0x0000000020000060      0x100 build/BLDC_controller_data.o
                0x0000000020000060                rtP_Left
 .data._impure_ptr
                0x0000000020000160        0x4 /usr/local/Caskroom/gcc-arm-embedded/10-2020-q4-major/gcc-arm-none-eabi-10-2020-q4-major/bin/../lib/gcc/arm-none-eabi/10.2.1/../../../../arm-none-eabi/lib/thumb/v7-m/nofp/libc_nano.a(lib_a-impure.o)
                0x0000000020000160                _impure_ptr
 .data.impure_data
                0x0000000020000164       0x60 /usr/local/Caskroom/gcc-arm-embedded/10-2020-q4-major/gcc-arm-none-eabi-10-2020-q4-major/bin/../lib/gcc/arm-none-eabi/10.2.1/../../../../arm-none-eabi/lib/thumb/v7-m/nofp/libc_nano.a(lib_a-impure.o)
                0x00000000200001c4                . = ALIGN (0x4)
                0x00000000200001c4                _edata = .

.igot.plt       0x00000000200001c4        0x0 load address 0x00000000080080dc
 .igot.plt      0x00000000200001c4        0x0 /usr/local/Caskroom/gcc-arm-embedded/10-2020-q4-major/gcc-arm-none-eabi-10-2020-q4-major/bin/../lib/gcc/arm-none-eabi/10.2.1/thumb/v7-m/nofp/crtbegin.o
                0x00000000200001c4                . = ALIGN (0x4)

.bss            0x00000000200001c8      0x604 load address 0x00000000080080dc
                0x00000000200001c8                _sbss = .
                0x00000000200001c8                __bss_start__ = _sbss
 *(.bss)
 .bss           0x00000000200001c8       0x1c /usr/local/Caskroom/gcc-arm-embedded/10-2020-q4-major/gcc-arm-none-eabi-10-2020-q4-major/bin/../lib/gcc/arm-none-eabi/10.2.1/thumb/v7-m/nofp/crtbegin.o
 *(.bss*)
 *fill*         0x00000000200001e4        0x4 
 .bss.pFlash    0x00000000200001e8       0x20 build/stm32f1xx_hal_flash.o
                0x00000000200001e8                pFlash
 .bss.uwTick    0x0000000020000208        0x4 build/stm32f1xx_hal.o
                0x0000000020000208                uwTick
 .bss.adc_buffer
                0x000000002000020c       0x14 build/setup.o
                0x000000002000020c                adc_buffer
 .bss.hadc1     0x0000000020000220       0x30 build/setup.o
                0x0000000020000220                hadc1
 .bss.hadc2     0x0000000020000250       0x30 build/setup.o
                0x0000000020000250                hadc2
 .bss.hdma_usart2_rx
                0x0000000020000280       0x44 build/setup.o
                0x0000000020000280                hdma_usart2_rx
 .bss.hdma_usart2_tx
                0x00000000200002c4       0x44 build/setup.o
                0x00000000200002c4                hdma_usart2_tx
 .bss.hdma_usart3_rx
                0x0000000020000308       0x44 build/setup.o
                0x0000000020000308                hdma_usart3_rx
 .bss.hdma_usart3_tx
                0x000000002000034c       0x44 build/setup.o
                0x000000002000034c                hdma_usart3_tx
 .bss.htim_left
                0x0000000020000390       0x40 build/setup.o
                0x0000000020000390                htim_left
 .bss.htim_right
                0x00000000200003d0       0x40 build/setup.o
                0x00000000200003d0                htim_right
 .bss.huart3    0x0000000020000410       0x40 build/setup.o
                0x0000000020000410                huart3
 .bss.timeoutFlgGen
                0x0000000020000450        0x1 build/control.o
                0x0000000020000450                timeoutFlgGen
 *fill*         0x0000000020000451        0x1 
 .bss.INPUT_MAX
                0x0000000020000452        0x2 build/util.o
 .bss.INPUT_MIN
                0x0000000020000454        0x2 build/util.o
 .bss.cur_spd_valid
                0x0000000020000456        0x1 build/util.o
 .bss.inIdx     0x0000000020000457        0x1 build/util.o
                0x0000000020000457                inIdx
 .bss.inIdx_prev
                0x0000000020000458        0x1 build/util.o
                0x0000000020000458                inIdx_prev
 .bss.inp_cal_valid
                0x0000000020000459        0x1 build/util.o
 *fill*         0x000000002000045a        0x2 
 .bss.old_pos.0
                0x000000002000045c        0x4 build/util.o
 .bss.rtDW_Left
                0x0000000020000460       0xac build/util.o
                0x0000000020000460                rtDW_Left
 .bss.rtDW_Right
                0x000000002000050c       0xac build/util.o
                0x000000002000050c                rtDW_Right
 .bss.rtM_Left_
                0x00000000200005b8       0x10 build/util.o
                0x00000000200005b8                rtM_Left_
 .bss.rtM_Right_
                0x00000000200005c8       0x10 build/util.o
                0x00000000200005c8                rtM_Right_
 .bss.rtP_Right
                0x00000000200005d8      0x100 build/util.o
                0x00000000200005d8                rtP_Right
 .bss.rtU_Left  0x00000000200006d8       0x10 build/util.o
                0x00000000200006d8                rtU_Left
 .bss.rtU_Right
                0x00000000200006e8       0x10 build/util.o
                0x00000000200006e8                rtU_Right
 .bss.rtY_Left  0x00000000200006f8       0x10 build/util.o
                0x00000000200006f8                rtY_Left
 .bss.rtY_Right
                0x0000000020000708       0x10 build/util.o
                0x0000000020000708                rtY_Right
 .bss.rx_buffer_R
                0x0000000020000718       0x40 build/util.o
 .bss.speedAvg  0x0000000020000758        0x2 build/util.o
                0x0000000020000758                speedAvg
 .bss.speedAvgAbs
                0x000000002000075a        0x2 build/util.o
                0x000000002000075a                speedAvgAbs
 .bss.timeoutFlgADC
                0x000000002000075c        0x1 build/util.o
                0x000000002000075c                timeoutFlgADC
 .bss.timeoutFlgSerial
                0x000000002000075d        0x1 build/util.o
                0x000000002000075d                timeoutFlgSerial
 .bss.backwardDrive
                0x000000002000075e        0x1 build/main.o
                0x000000002000075e                backwardDrive
 *fill*         0x000000002000075f        0x1 
 .bss.batVoltageCalib
                0x0000000020000760        0x2 build/main.o
                0x0000000020000760                batVoltageCalib
 .bss.board_temp_deg_c
                0x0000000020000762        0x2 build/main.o
                0x0000000020000762                board_temp_deg_c
 .bss.buzzerTimer_prev
                0x0000000020000764        0x4 build/main.o
 .bss.cmdL      0x0000000020000768        0x2 build/main.o
                0x0000000020000768                cmdL
 .bss.cmdR      0x000000002000076a        0x2 build/main.o
                0x000000002000076a                cmdR
 .bss.dc_curr   0x000000002000076c        0x2 build/main.o
                0x000000002000076c                dc_curr
 *fill*         0x000000002000076e        0x2 
 .bss.inactivity_timeout_counter
                0x0000000020000770        0x4 build/main.o
 .bss.left_dc_curr
                0x0000000020000774        0x2 build/main.o
                0x0000000020000774                left_dc_curr
 *fill*         0x0000000020000776        0x2 
 .bss.main_loop_counter
                0x0000000020000778        0x4 build/main.o
                0x0000000020000778                main_loop_counter
 .bss.right_dc_curr
                0x000000002000077c        0x2 build/main.o
                0x000000002000077c                right_dc_curr
 .bss.speed     0x000000002000077e        0x2 build/main.o
 .bss.speedFixdt
                0x0000000020000780        0x4 build/main.o
 .bss.speedRateFixdt
                0x0000000020000784        0x2 build/main.o
 .bss.steer     0x0000000020000786        0x2 build/main.o
 .bss.steerFixdt
                0x0000000020000788        0x4 build/main.o
 .bss.steerRateFixdt
                0x000000002000078c        0x2 build/main.o
 .bss.OverrunFlag.0
                0x000000002000078e        0x1 build/bldc.o
 .bss.buzzerCount
                0x000000002000078f        0x1 build/bldc.o
                0x000000002000078f                buzzerCount
 .bss.buzzerFreq
                0x0000000020000790        0x1 build/bldc.o
                0x0000000020000790                buzzerFreq
 .bss.buzzerIdx
                0x0000000020000791        0x1 build/bldc.o
 .bss.buzzerPattern
                0x0000000020000792        0x1 build/bldc.o
                0x0000000020000792                buzzerPattern
 .bss.buzzerPrev
                0x0000000020000793        0x1 build/bldc.o
 .bss.buzzerTimer
                0x0000000020000794        0x4 build/bldc.o
                0x0000000020000794                buzzerTimer
 .bss.curL_DC   0x0000000020000798        0x2 build/bldc.o
                0x0000000020000798                curL_DC
 .bss.curL_phaA
                0x000000002000079a        0x2 build/bldc.o
                0x000000002000079a                curL_phaA
 .bss.curL_phaB
                0x000000002000079c        0x2 build/bldc.o
                0x000000002000079c                curL_phaB
 .bss.curR_DC   0x000000002000079e        0x2 build/bldc.o
                0x000000002000079e                curR_DC
 .bss.curR_phaB
                0x00000000200007a0        0x2 build/bldc.o
                0x00000000200007a0                curR_phaB
 .bss.curR_phaC
                0x00000000200007a2        0x2 build/bldc.o
                0x00000000200007a2                curR_phaC
 .bss.enable    0x00000000200007a4        0x1 build/bldc.o
                0x00000000200007a4                enable
 .bss.enableFin
                0x00000000200007a5        0x1 build/bldc.o
 .bss.offsetcount
                0x00000000200007a6        0x2 build/bldc.o
 .bss.pwm_margin
                0x00000000200007a8        0x2 build/bldc.o
 *fill*         0x00000000200007aa        0x2 
 .bss.pwml      0x00000000200007ac        0x4 build/bldc.o
                0x00000000200007ac                pwml
 .bss.pwmr      0x00000000200007b0        0x4 build/bldc.o
                0x00000000200007b0                pwmr
 .bss.DataVar   0x00000000200007b4        0x2 build/eeprom.o
                0x00000000200007b4                DataVar
 .bss.__lock___malloc_recursive_mutex
                0x00000000200007b6        0x1 /usr/local/Caskroom/gcc-arm-embedded/10-2020-q4-major/gcc-arm-none-eabi-10-2020-q4-major/bin/../lib/gcc/arm-none-eabi/10.2.1/../../../../arm-none-eabi/lib/thumb/v7-m/nofp/libc_nano.a(lib_a-lock.o)
                0x00000000200007b6                __lock___malloc_recursive_mutex
 .bss.__lock___sfp_recursive_mutex
                0x00000000200007b7        0x1 /usr/local/Caskroom/gcc-arm-embedded/10-2020-q4-major/gcc-arm-none-eabi-10-2020-q4-major/bin/../lib/gcc/arm-none-eabi/10.2.1/../../../../arm-none-eabi/lib/thumb/v7-m/nofp/libc_nano.a(lib_a-lock.o)
                0x00000000200007b7                __lock___sfp_recursive_mutex
 .bss.__lock___sinit_recursive_mutex
                0x00000000200007b8        0x1 /usr/local/Caskroom/gcc-arm-embedded/10-2020-q4-major/gcc-arm-none-eabi-10-2020-q4-major/bin/../lib/gcc/arm-none-eabi/10.2.1/../../../../arm-none-eabi/lib/thumb/v7-m/nofp/libc_nano.a(lib_a-lock.o)
                0x00000000200007b8                __lock___sinit_recursive_mutex
 *fill*         0x00000000200007b9        0x3 
 .bss.__malloc_free_list
                0x00000000200007bc        0x4 /usr/local/Caskroom/gcc-arm-embedded/10-2020-q4-major/gcc-arm-none-eabi-10-2020-q4-major/bin/../lib/gcc/arm-none-eabi/10.2.1/../../../../arm-none-eabi/lib/thumb/v7-m/nofp/libc_nano.a(lib_a-nano-mallocr.o)
                0x00000000200007bc                __malloc_free_list
 .bss.__malloc_sbrk_start
                0x00000000200007c0        0x4 /usr/local/Caskroom/gcc-arm-embedded/10-2020-q4-major/gcc-arm-none-eabi-10-2020-q4-major/bin/../lib/gcc/arm-none-eabi/10.2.1/../../../../arm-none-eabi/lib/thumb/v7-m/nofp/libc_nano.a(lib_a-nano-mallocr.o)
                0x00000000200007c0                __malloc_sbrk_start
 .bss.errno     0x00000000200007c4        0x4 /usr/local/Caskroom/gcc-arm-embedded/10-2020-q4-major/gcc-arm-none-eabi-10-2020-q4-major/bin/../lib/gcc/arm-none-eabi/10.2.1/../../../../arm-none-eabi/lib/thumb/v7-m/nofp/libc_nano.a(lib_a-reent.o)
                0x00000000200007c4                errno
 .bss.heap_end.0
                0x00000000200007c8        0x4 /usr/local/Caskroom/gcc-arm-embedded/10-2020-q4-major/gcc-arm-none-eabi-10-2020-q4-major/bin/../lib/gcc/arm-none-eabi/10.2.1/../../../../arm-none-eabi/lib/thumb/v7-m/nofp/libnosys.a(sbrk.o)
 *(COMMON)
                0x00000000200007cc                . = ALIGN (0x4)
                0x00000000200007cc                _ebss = .
                0x00000000200007cc                __bss_end__ = _ebss

._user_heap_stack
                0x00000000200007cc      0x604 load address 0x00000000080080dc
                0x00000000200007d0                . = ALIGN (0x8)
 *fill*         0x00000000200007cc        0x4 
                0x00000000200007d0                PROVIDE (end = .)
                [!provide]                        PROVIDE (_end = .)
                0x00000000200009d0                . = (. + _Min_Heap_Size)
 *fill*         0x00000000200007d0      0x200 
                0x0000000020000dd0                . = (. + _Min_Stack_Size)
 *fill*         0x00000000200009d0      0x400 
                0x0000000020000dd0                . = ALIGN (0x8)

/DISCARD/
 libc.a(*)
 libm.a(*)
 libgcc.a(*)

.ARM.attributes
                0x0000000000000000       0x29
 *(.ARM.attributes)
 .ARM.attributes
                0x0000000000000000       0x1d /usr/local/Caskroom/gcc-arm-embedded/10-2020-q4-major/gcc-arm-none-eabi-10-2020-q4-major/bin/../lib/gcc/arm-none-eabi/10.2.1/thumb/v7-m/nofp/crti.o
 .ARM.attributes
                0x000000000000001d       0x2d /usr/local/Caskroom/gcc-arm-embedded/10-2020-q4-major/gcc-arm-none-eabi-10-2020-q4-major/bin/../lib/gcc/arm-none-eabi/10.2.1/thumb/v7-m/nofp/crtbegin.o
 .ARM.attributes
                0x000000000000004a       0x2d build/stm32f1xx_hal_flash.o
 .ARM.attributes
                0x0000000000000077       0x2d build/stm32f1xx_hal_rcc.o
 .ARM.attributes
                0x00000000000000a4       0x2d build/stm32f1xx_hal_tim.o
 .ARM.attributes
                0x00000000000000d1       0x2d build/stm32f1xx_hal_tim_ex.o
 .ARM.attributes
                0x00000000000000fe       0x2d build/stm32f1xx_hal_adc_ex.o
 .ARM.attributes
                0x000000000000012b       0x2d build/stm32f1xx_hal_cortex.o
 .ARM.attributes
                0x0000000000000158       0x2d build/stm32f1xx_hal_flash_ex.o
 .ARM.attributes
                0x0000000000000185       0x2d build/stm32f1xx_hal_gpio.o
 .ARM.attributes
                0x00000000000001b2       0x2d build/stm32f1xx_hal_rcc_ex.o
 .ARM.attributes
                0x00000000000001df       0x2d build/stm32f1xx_hal.o
 .ARM.attributes
                0x000000000000020c       0x2d build/stm32f1xx_hal_adc.o
 .ARM.attributes
                0x0000000000000239       0x2d build/stm32f1xx_hal_uart.o
 .ARM.attributes
                0x0000000000000266       0x2d build/stm32f1xx_hal_dma.o
 .ARM.attributes
                0x0000000000000293       0x2d build/system_stm32f1xx.o
 .ARM.attributes
                0x00000000000002c0       0x2d build/setup.o
 .ARM.attributes
                0x00000000000002ed       0x2d build/control.o
 .ARM.attributes
                0x000000000000031a       0x2d build/util.o
 .ARM.attributes
                0x0000000000000347       0x2d build/main.o
 .ARM.attributes
                0x0000000000000374       0x2d build/bldc.o
 .ARM.attributes
                0x00000000000003a1       0x2d build/eeprom.o
 .ARM.attributes
                0x00000000000003ce       0x2d build/stm32f1xx_it.o
 .ARM.attributes
                0x00000000000003fb       0x33 build/BLDC_controller_data.o
 .ARM.attributes
                0x000000000000042e       0x2d build/BLDC_controller.o
 .ARM.attributes
                0x000000000000045b       0x21 build/startup_stm32f103xe.o
 .ARM.attributes
                0x000000000000047c       0x2d /usr/local/Caskroom/gcc-arm-embedded/10-2020-q4-major/gcc-arm-none-eabi-10-2020-q4-major/bin/../lib/gcc/arm-none-eabi/10.2.1/../../../../arm-none-eabi/lib/thumb/v7-m/nofp/libc_nano.a(lib_a-impure.o)
 .ARM.attributes
                0x00000000000004a9       0x2d /usr/local/Caskroom/gcc-arm-embedded/10-2020-q4-major/gcc-arm-none-eabi-10-2020-q4-major/bin/../lib/gcc/arm-none-eabi/10.2.1/../../../../arm-none-eabi/lib/thumb/v7-m/nofp/libc_nano.a(lib_a-init.o)
 .ARM.attributes
                0x00000000000004d6       0x2d /usr/local/Caskroom/gcc-arm-embedded/10-2020-q4-major/gcc-arm-none-eabi-10-2020-q4-major/bin/../lib/gcc/arm-none-eabi/10.2.1/../../../../arm-none-eabi/lib/thumb/v7-m/nofp/libc_nano.a(lib_a-memcpy-stub.o)
 .ARM.attributes
                0x0000000000000503       0x2d /usr/local/Caskroom/gcc-arm-embedded/10-2020-q4-major/gcc-arm-none-eabi-10-2020-q4-major/bin/../lib/gcc/arm-none-eabi/10.2.1/../../../../arm-none-eabi/lib/thumb/v7-m/nofp/libc_nano.a(lib_a-memset.o)
 .ARM.attributes
                0x0000000000000530       0x2d /usr/local/Caskroom/gcc-arm-embedded/10-2020-q4-major/gcc-arm-none-eabi-10-2020-q4-major/bin/../lib/gcc/arm-none-eabi/10.2.1/../../../../arm-none-eabi/lib/thumb/v7-m/nofp/libc_nano.a(lib_a-printf.o)
 .ARM.attributes
                0x000000000000055d       0x2d /usr/local/Caskroom/gcc-arm-embedded/10-2020-q4-major/gcc-arm-none-eabi-10-2020-q4-major/bin/../lib/gcc/arm-none-eabi/10.2.1/../../../../arm-none-eabi/lib/thumb/v7-m/nofp/libc_nano.a(lib_a-puts.o)
 .ARM.attributes
                0x000000000000058a       0x2d /usr/local/Caskroom/gcc-arm-embedded/10-2020-q4-major/gcc-arm-none-eabi-10-2020-q4-major/bin/../lib/gcc/arm-none-eabi/10.2.1/../../../../arm-none-eabi/lib/thumb/v7-m/nofp/libc_nano.a(lib_a-wbuf.o)
 .ARM.attributes
                0x00000000000005b7       0x2d /usr/local/Caskroom/gcc-arm-embedded/10-2020-q4-major/gcc-arm-none-eabi-10-2020-q4-major/bin/../lib/gcc/arm-none-eabi/10.2.1/../../../../arm-none-eabi/lib/thumb/v7-m/nofp/libc_nano.a(lib_a-wsetup.o)
 .ARM.attributes
                0x00000000000005e4       0x2d /usr/local/Caskroom/gcc-arm-embedded/10-2020-q4-major/gcc-arm-none-eabi-10-2020-q4-major/bin/../lib/gcc/arm-none-eabi/10.2.1/../../../../arm-none-eabi/lib/thumb/v7-m/nofp/libc_nano.a(lib_a-fflush.o)
 .ARM.attributes
                0x0000000000000611       0x2d /usr/local/Caskroom/gcc-arm-embedded/10-2020-q4-major/gcc-arm-none-eabi-10-2020-q4-major/bin/../lib/gcc/arm-none-eabi/10.2.1/../../../../arm-none-eabi/lib/thumb/v7-m/nofp/libc_nano.a(lib_a-findfp.o)
 .ARM.attributes
                0x000000000000063e       0x2d /usr/local/Caskroom/gcc-arm-embedded/10-2020-q4-major/gcc-arm-none-eabi-10-2020-q4-major/bin/../lib/gcc/arm-none-eabi/10.2.1/../../../../arm-none-eabi/lib/thumb/v7-m/nofp/libc_nano.a(lib_a-fwalk.o)
 .ARM.attributes
                0x000000000000066b       0x2d /usr/local/Caskroom/gcc-arm-embedded/10-2020-q4-major/gcc-arm-none-eabi-10-2020-q4-major/bin/../lib/gcc/arm-none-eabi/10.2.1/../../../../arm-none-eabi/lib/thumb/v7-m/nofp/libc_nano.a(lib_a-lock.o)
 .ARM.attributes
                0x0000000000000698       0x2d /usr/local/Caskroom/gcc-arm-embedded/10-2020-q4-major/gcc-arm-none-eabi-10-2020-q4-major/bin/../lib/gcc/arm-none-eabi/10.2.1/../../../../arm-none-eabi/lib/thumb/v7-m/nofp/libc_nano.a(lib_a-makebuf.o)
 .ARM.attributes
                0x00000000000006c5       0x2d /usr/local/Caskroom/gcc-arm-embedded/10-2020-q4-major/gcc-arm-none-eabi-10-2020-q4-major/bin/../lib/gcc/arm-none-eabi/10.2.1/../../../../arm-none-eabi/lib/thumb/v7-m/nofp/libc_nano.a(lib_a-nano-freer.o)
 .ARM.attributes
                0x00000000000006f2       0x2d /usr/local/Caskroom/gcc-arm-embedded/10-2020-q4-major/gcc-arm-none-eabi-10-2020-q4-major/bin/../lib/gcc/arm-none-eabi/10.2.1/../../../../arm-none-eabi/lib/thumb/v7-m/nofp/libc_nano.a(lib_a-nano-mallocr.o)
 .ARM.attributes
                0x000000000000071f       0x2d /usr/local/Caskroom/gcc-arm-embedded/10-2020-q4-major/gcc-arm-none-eabi-10-2020-q4-major/bin/../lib/gcc/arm-none-eabi/10.2.1/../../../../arm-none-eabi/lib/thumb/v7-m/nofp/libc_nano.a(lib_a-nano-vfprintf.o)
 .ARM.attributes
                0x000000000000074c       0x2d /usr/local/Caskroom/gcc-arm-embedded/10-2020-q4-major/gcc-arm-none-eabi-10-2020-q4-major/bin/../lib/gcc/arm-none-eabi/10.2.1/../../../../arm-none-eabi/lib/thumb/v7-m/nofp/libc_nano.a(lib_a-nano-vfprintf_i.o)
 .ARM.attributes
                0x0000000000000779       0x2d /usr/local/Caskroom/gcc-arm-embedded/10-2020-q4-major/gcc-arm-none-eabi-10-2020-q4-major/bin/../lib/gcc/arm-none-eabi/10.2.1/../../../../arm-none-eabi/lib/thumb/v7-m/nofp/libc_nano.a(lib_a-sbrkr.o)
 .ARM.attributes
                0x00000000000007a6       0x2d /usr/local/Caskroom/gcc-arm-embedded/10-2020-q4-major/gcc-arm-none-eabi-10-2020-q4-major/bin/../lib/gcc/arm-none-eabi/10.2.1/../../../../arm-none-eabi/lib/thumb/v7-m/nofp/libc_nano.a(lib_a-stdio.o)
 .ARM.attributes
                0x00000000000007d3       0x2d /usr/local/Caskroom/gcc-arm-embedded/10-2020-q4-major/gcc-arm-none-eabi-10-2020-q4-major/bin/../lib/gcc/arm-none-eabi/10.2.1/../../../../arm-none-eabi/lib/thumb/v7-m/nofp/libc_nano.a(lib_a-writer.o)
 .ARM.attributes
                0x0000000000000800       0x2d /usr/local/Caskroom/gcc-arm-embedded/10-2020-q4-major/gcc-arm-none-eabi-10-2020-q4-major/bin/../lib/gcc/arm-none-eabi/10.2.1/../../../../arm-none-eabi/lib/thumb/v7-m/nofp/libc_nano.a(lib_a-closer.o)
 .ARM.attributes
                0x000000000000082d       0x2d /usr/local/Caskroom/gcc-arm-embedded/10-2020-q4-major/gcc-arm-none-eabi-10-2020-q4-major/bin/../lib/gcc/arm-none-eabi/10.2.1/../../../../arm-none-eabi/lib/thumb/v7-m/nofp/libc_nano.a(lib_a-fstatr.o)
 .ARM.attributes
                0x000000000000085a       0x2d /usr/local/Caskroom/gcc-arm-embedded/10-2020-q4-major/gcc-arm-none-eabi-10-2020-q4-major/bin/../lib/gcc/arm-none-eabi/10.2.1/../../../../arm-none-eabi/lib/thumb/v7-m/nofp/libc_nano.a(lib_a-isattyr.o)
 .ARM.attributes
                0x0000000000000887       0x2d /usr/local/Caskroom/gcc-arm-embedded/10-2020-q4-major/gcc-arm-none-eabi-10-2020-q4-major/bin/../lib/gcc/arm-none-eabi/10.2.1/../../../../arm-none-eabi/lib/thumb/v7-m/nofp/libc_nano.a(lib_a-lseekr.o)
 .ARM.attributes
                0x00000000000008b4       0x2d /usr/local/Caskroom/gcc-arm-embedded/10-2020-q4-major/gcc-arm-none-eabi-10-2020-q4-major/bin/../lib/gcc/arm-none-eabi/10.2.1/../../../../arm-none-eabi/lib/thumb/v7-m/nofp/libc_nano.a(lib_a-memchr-stub.o)
 .ARM.attributes
                0x00000000000008e1       0x2d /usr/local/Caskroom/gcc-arm-embedded/10-2020-q4-major/gcc-arm-none-eabi-10-2020-q4-major/bin/../lib/gcc/arm-none-eabi/10.2.1/../../../../arm-none-eabi/lib/thumb/v7-m/nofp/libc_nano.a(lib_a-mlock.o)
 .ARM.attributes
                0x000000000000090e       0x2d /usr/local/Caskroom/gcc-arm-embedded/10-2020-q4-major/gcc-arm-none-eabi-10-2020-q4-major/bin/../lib/gcc/arm-none-eabi/10.2.1/../../../../arm-none-eabi/lib/thumb/v7-m/nofp/libc_nano.a(lib_a-readr.o)
 .ARM.attributes
                0x000000000000093b       0x2d /usr/local/Caskroom/gcc-arm-embedded/10-2020-q4-major/gcc-arm-none-eabi-10-2020-q4-major/bin/../lib/gcc/arm-none-eabi/10.2.1/../../../../arm-none-eabi/lib/thumb/v7-m/nofp/libc_nano.a(lib_a-reent.o)
 .ARM.attributes
                0x0000000000000968       0x2d /usr/local/Caskroom/gcc-arm-embedded/10-2020-q4-major/gcc-arm-none-eabi-10-2020-q4-major/bin/../lib/gcc/arm-none-eabi/10.2.1/../../../../arm-none-eabi/lib/thumb/v7-m/nofp/libnosys.a(close.o)
 .ARM.attributes
                0x0000000000000995       0x2d /usr/local/Caskroom/gcc-arm-embedded/10-2020-q4-major/gcc-arm-none-eabi-10-2020-q4-major/bin/../lib/gcc/arm-none-eabi/10.2.1/../../../../arm-none-eabi/lib/thumb/v7-m/nofp/libnosys.a(fstat.o)
 .ARM.attributes
                0x00000000000009c2       0x2d /usr/local/Caskroom/gcc-arm-embedded/10-2020-q4-major/gcc-arm-none-eabi-10-2020-q4-major/bin/../lib/gcc/arm-none-eabi/10.2.1/../../../../arm-none-eabi/lib/thumb/v7-m/nofp/libnosys.a(isatty.o)
 .ARM.attributes
                0x00000000000009ef       0x2d /usr/local/Caskroom/gcc-arm-embedded/10-2020-q4-major/gcc-arm-none-eabi-10-2020-q4-major/bin/../lib/gcc/arm-none-eabi/10.2.1/../../../../arm-none-eabi/lib/thumb/v7-m/nofp/libnosys.a(lseek.o)
 .ARM.attributes
                0x0000000000000a1c       0x2d /usr/local/Caskroom/gcc-arm-embedded/10-2020-q4-major/gcc-arm-none-eabi-10-2020-q4-major/bin/../lib/gcc/arm-none-eabi/10.2.1/../../../../arm-none-eabi/lib/thumb/v7-m/nofp/libnosys.a(read.o)
 .ARM.attributes
                0x0000000000000a49       0x2d /usr/local/Caskroom/gcc-arm-embedded/10-2020-q4-major/gcc-arm-none-eabi-10-2020-q4-major/bin/../lib/gcc/arm-none-eabi/10.2.1/../../../../arm-none-eabi/lib/thumb/v7-m/nofp/libnosys.a(sbrk.o)
 .ARM.attributes
                0x0000000000000a76       0x1d /usr/local/Caskroom/gcc-arm-embedded/10-2020-q4-major/gcc-arm-none-eabi-10-2020-q4-major/bin/../lib/gcc/arm-none-eabi/10.2.1/thumb/v7-m/nofp/crtn.o
OUTPUT(build/hover.elf elf32-littlearm)
LOAD linker stubs
LOAD /usr/local/Caskroom/gcc-arm-embedded/10-2020-q4-major/gcc-arm-none-eabi-10-2020-q4-major/bin/../lib/gcc/arm-none-eabi/10.2.1/../../../../arm-none-eabi/lib/thumb/v7-m/nofp/libc.a
LOAD /usr/local/Caskroom/gcc-arm-embedded/10-2020-q4-major/gcc-arm-none-eabi-10-2020-q4-major/bin/../lib/gcc/arm-none-eabi/10.2.1/../../../../arm-none-eabi/lib/thumb/v7-m/nofp/libm.a
LOAD /usr/local/Caskroom/gcc-arm-embedded/10-2020-q4-major/gcc-arm-none-eabi-10-2020-q4-major/bin/../lib/gcc/arm-none-eabi/10.2.1/thumb/v7-m/nofp/libgcc.a

.debug_info     0x0000000000000000    0x1831c
 .debug_info    0x0000000000000000      0x6e9 build/stm32f1xx_hal_flash.o
 .debug_info    0x00000000000006e9      0xaa1 build/stm32f1xx_hal_rcc.o
 .debug_info    0x000000000000118a     0x34cc build/stm32f1xx_hal_tim.o
 .debug_info    0x0000000000004656     0x1520 build/stm32f1xx_hal_tim_ex.o
 .debug_info    0x0000000000005b76      0xca5 build/stm32f1xx_hal_adc_ex.o
 .debug_info    0x000000000000681b      0xe83 build/stm32f1xx_hal_cortex.o
 .debug_info    0x000000000000769e      0xb90 build/stm32f1xx_hal_flash_ex.o
 .debug_info    0x000000000000822e      0x6e4 build/stm32f1xx_hal_gpio.o
 .debug_info    0x0000000000008912      0x4c1 build/stm32f1xx_hal_rcc_ex.o
 .debug_info    0x0000000000008dd3      0x78f build/stm32f1xx_hal.o
 .debug_info    0x0000000000009562     0x101c build/stm32f1xx_hal_adc.o
 .debug_info    0x000000000000a57e     0x19c9 build/stm32f1xx_hal_uart.o
 .debug_info    0x000000000000bf47      0x8c1 build/stm32f1xx_hal_dma.o
 .debug_info    0x000000000000c808      0x45f build/system_stm32f1xx.o
 .debug_info    0x000000000000cc67     0x247a build/setup.o
 .debug_info    0x000000000000f0e1      0xba0 build/control.o
 .debug_info    0x000000000000fc81     0x2837 build/util.o
 .debug_info    0x00000000000124b8     0x1681 build/main.o
 .debug_info    0x0000000000013b39     0x135d build/bldc.o
 .debug_info    0x0000000000014e96      0x9c5 build/eeprom.o
 .debug_info    0x000000000001585b      0x78d build/stm32f1xx_it.o
 .debug_info    0x0000000000015fe8      0x485 build/BLDC_controller_data.o
 .debug_info    0x000000000001646d     0x1e8d build/BLDC_controller.o
 .debug_info    0x00000000000182fa       0x22 build/startup_stm32f103xe.o

.debug_abbrev   0x0000000000000000     0x33e4
 .debug_abbrev  0x0000000000000000      0x24d build/stm32f1xx_hal_flash.o
 .debug_abbrev  0x000000000000024d      0x2a9 build/stm32f1xx_hal_rcc.o
 .debug_abbrev  0x00000000000004f6      0x2a9 build/stm32f1xx_hal_tim.o
 .debug_abbrev  0x000000000000079f      0x27e build/stm32f1xx_hal_tim_ex.o
 .debug_abbrev  0x0000000000000a1d      0x258 build/stm32f1xx_hal_adc_ex.o
 .debug_abbrev  0x0000000000000c75      0x345 build/stm32f1xx_hal_cortex.o
 .debug_abbrev  0x0000000000000fba      0x28d build/stm32f1xx_hal_flash_ex.o
 .debug_abbrev  0x0000000000001247      0x22b build/stm32f1xx_hal_gpio.o
 .debug_abbrev  0x0000000000001472      0x1d5 build/stm32f1xx_hal_rcc_ex.o
 .debug_abbrev  0x0000000000001647      0x213 build/stm32f1xx_hal.o
 .debug_abbrev  0x000000000000185a      0x239 build/stm32f1xx_hal_adc.o
 .debug_abbrev  0x0000000000001a93      0x2ab build/stm32f1xx_hal_uart.o
 .debug_abbrev  0x0000000000001d3e      0x262 build/stm32f1xx_hal_dma.o
 .debug_abbrev  0x0000000000001fa0      0x140 build/system_stm32f1xx.o
 .debug_abbrev  0x00000000000020e0      0x224 build/setup.o
 .debug_abbrev  0x0000000000002304      0x1b7 build/control.o
 .debug_abbrev  0x00000000000024bb      0x3b0 build/util.o
 .debug_abbrev  0x000000000000286b      0x225 build/main.o
 .debug_abbrev  0x0000000000002a90      0x218 build/bldc.o
 .debug_abbrev  0x0000000000002ca8      0x1e1 build/eeprom.o
 .debug_abbrev  0x0000000000002e89      0x1c5 build/stm32f1xx_it.o
 .debug_abbrev  0x000000000000304e       0xd4 build/BLDC_controller_data.o
 .debug_abbrev  0x0000000000003122      0x2b0 build/BLDC_controller.o
 .debug_abbrev  0x00000000000033d2       0x12 build/startup_stm32f103xe.o

.debug_loc      0x0000000000000000    0x102d7
 .debug_loc     0x0000000000000000      0x41f build/stm32f1xx_hal_flash.o
 .debug_loc     0x000000000000041f      0x71a build/stm32f1xx_hal_rcc.o
 .debug_loc     0x0000000000000b39     0x4250 build/stm32f1xx_hal_tim.o
 .debug_loc     0x0000000000004d89     0x136f build/stm32f1xx_hal_tim_ex.o
 .debug_loc     0x00000000000060f8      0xb1e build/stm32f1xx_hal_adc_ex.o
 .debug_loc     0x0000000000006c16      0x77f build/stm32f1xx_hal_cortex.o
 .debug_loc     0x0000000000007395      0x9d7 build/stm32f1xx_hal_flash_ex.o
 .debug_loc     0x0000000000007d6c      0x5ab build/stm32f1xx_hal_gpio.o
 .debug_loc     0x0000000000008317      0x498 build/stm32f1xx_hal_rcc_ex.o
 .debug_loc     0x00000000000087af      0x124 build/stm32f1xx_hal.o
 .debug_loc     0x00000000000088d3      0xdf1 build/stm32f1xx_hal_adc.o
 .debug_loc     0x00000000000096c4     0x1cf0 build/stm32f1xx_hal_uart.o
 .debug_loc     0x000000000000b3b4      0x8ca build/stm32f1xx_hal_dma.o
 .debug_loc     0x000000000000bc7e       0xff build/system_stm32f1xx.o
 .debug_loc     0x000000000000bd7d      0x263 build/setup.o
 .debug_loc     0x000000000000bfe0       0xc0 build/control.o
 .debug_loc     0x000000000000c0a0      0xe4c build/util.o
 .debug_loc     0x000000000000ceec       0x65 build/main.o
 .debug_loc     0x000000000000cf51      0x264 build/bldc.o
 .debug_loc     0x000000000000d1b5      0xc11 build/eeprom.o
 .debug_loc     0x000000000000ddc6       0xa4 build/stm32f1xx_it.o
 .debug_loc     0x000000000000de6a     0x246d build/BLDC_controller.o

.debug_aranges  0x0000000000000000      0xff8
 .debug_aranges
                0x0000000000000000       0x88 build/stm32f1xx_hal_flash.o
 .debug_aranges
                0x0000000000000088       0x90 build/stm32f1xx_hal_rcc.o
 .debug_aranges
                0x0000000000000118      0x368 build/stm32f1xx_hal_tim.o
 .debug_aranges
                0x0000000000000480      0x138 build/stm32f1xx_hal_tim_ex.o
 .debug_aranges
                0x00000000000005b8       0x80 build/stm32f1xx_hal_adc_ex.o
 .debug_aranges
                0x0000000000000638       0x90 build/stm32f1xx_hal_cortex.o
 .debug_aranges
                0x00000000000006c8       0x98 build/stm32f1xx_hal_flash_ex.o
 .debug_aranges
                0x0000000000000760       0x58 build/stm32f1xx_hal_gpio.o
 .debug_aranges
                0x00000000000007b8       0x30 build/stm32f1xx_hal_rcc_ex.o
 .debug_aranges
                0x00000000000007e8       0xb8 build/stm32f1xx_hal.o
 .debug_aranges
                0x00000000000008a0       0xf0 build/stm32f1xx_hal_adc.o
 .debug_aranges
                0x0000000000000990      0x1d0 build/stm32f1xx_hal_uart.o
 .debug_aranges
                0x0000000000000b60       0x80 build/stm32f1xx_hal_dma.o
 .debug_aranges
                0x0000000000000be0       0x28 build/system_stm32f1xx.o
 .debug_aranges
                0x0000000000000c08       0x58 build/setup.o
 .debug_aranges
                0x0000000000000c60       0x30 build/control.o
 .debug_aranges
                0x0000000000000c90      0x128 build/util.o
 .debug_aranges
                0x0000000000000db8       0x28 build/main.o
 .debug_aranges
                0x0000000000000de0       0x20 build/bldc.o
 .debug_aranges
                0x0000000000000e00       0x58 build/eeprom.o
 .debug_aranges
                0x0000000000000e58       0x78 build/stm32f1xx_it.o
 .debug_aranges
                0x0000000000000ed0       0x18 build/BLDC_controller_data.o
 .debug_aranges
                0x0000000000000ee8       0xe8 build/BLDC_controller.o
 .debug_aranges
                0x0000000000000fd0       0x28 build/startup_stm32f103xe.o

.debug_ranges   0x0000000000000000      0xf68
 .debug_ranges  0x0000000000000000       0x78 build/stm32f1xx_hal_flash.o
 .debug_ranges  0x0000000000000078       0xa0 build/stm32f1xx_hal_rcc.o
 .debug_ranges  0x0000000000000118      0x358 build/stm32f1xx_hal_tim.o
 .debug_ranges  0x0000000000000470      0x128 build/stm32f1xx_hal_tim_ex.o
 .debug_ranges  0x0000000000000598       0x70 build/stm32f1xx_hal_adc_ex.o
 .debug_ranges  0x0000000000000608       0xe0 build/stm32f1xx_hal_cortex.o
 .debug_ranges  0x00000000000006e8       0x88 build/stm32f1xx_hal_flash_ex.o
 .debug_ranges  0x0000000000000770       0x48 build/stm32f1xx_hal_gpio.o
 .debug_ranges  0x00000000000007b8       0x38 build/stm32f1xx_hal_rcc_ex.o
 .debug_ranges  0x00000000000007f0       0xa8 build/stm32f1xx_hal.o
 .debug_ranges  0x0000000000000898       0xe0 build/stm32f1xx_hal_adc.o
 .debug_ranges  0x0000000000000978      0x1c0 build/stm32f1xx_hal_uart.o
 .debug_ranges  0x0000000000000b38       0x70 build/stm32f1xx_hal_dma.o
 .debug_ranges  0x0000000000000ba8       0x18 build/system_stm32f1xx.o
 .debug_ranges  0x0000000000000bc0       0x48 build/setup.o
 .debug_ranges  0x0000000000000c08       0x20 build/control.o
 .debug_ranges  0x0000000000000c28      0x170 build/util.o
 .debug_ranges  0x0000000000000d98       0x18 build/main.o
 .debug_ranges  0x0000000000000db0       0x10 build/bldc.o
 .debug_ranges  0x0000000000000dc0       0x48 build/eeprom.o
 .debug_ranges  0x0000000000000e08       0x68 build/stm32f1xx_it.o
 .debug_ranges  0x0000000000000e70       0xd8 build/BLDC_controller.o
 .debug_ranges  0x0000000000000f48       0x20 build/startup_stm32f103xe.o

.debug_line     0x0000000000000000    0x11a2e
 .debug_line    0x0000000000000000      0x7b0 build/stm32f1xx_hal_flash.o
 .debug_line    0x00000000000007b0      0xb80 build/stm32f1xx_hal_rcc.o
 .debug_line    0x0000000000001330     0x317a build/stm32f1xx_hal_tim.o
 .debug_line    0x00000000000044aa     0x1025 build/stm32f1xx_hal_tim_ex.o
 .debug_line    0x00000000000054cf      0xbda build/stm32f1xx_hal_adc_ex.o
 .debug_line    0x00000000000060a9      0x603 build/stm32f1xx_hal_cortex.o
 .debug_line    0x00000000000066ac      0x94c build/stm32f1xx_hal_flash_ex.o
 .debug_line    0x0000000000006ff8      0x64d build/stm32f1xx_hal_gpio.o
 .debug_line    0x0000000000007645      0x4ff build/stm32f1xx_hal_rcc_ex.o
 .debug_line    0x0000000000007b44      0x488 build/stm32f1xx_hal.o
 .debug_line    0x0000000000007fcc      0xed7 build/stm32f1xx_hal_adc.o
 .debug_line    0x0000000000008ea3     0x1ab2 build/stm32f1xx_hal_uart.o
 .debug_line    0x000000000000a955      0xcff build/stm32f1xx_hal_dma.o
 .debug_line    0x000000000000b654      0x2ca build/system_stm32f1xx.o